Archive member included to satisfy reference by file (symbol)

/Applications/ArmGNUToolchain/11.3.rel1/arm-none-eabi/bin/../lib/gcc/arm-none-eabi/11.3.1/thumb/v6-m/nofp/libgcc.a(_udivsi3.o)
                              CMakeFiles/Neopixel2.elf.dir/Core/Src/system_stm32g0xx.c.obj (__aeabi_uidiv)
/Applications/ArmGNUToolchain/11.3.rel1/arm-none-eabi/bin/../lib/gcc/arm-none-eabi/11.3.1/thumb/v6-m/nofp/libgcc.a(_dvmd_tls.o)
                              /Applications/ArmGNUToolchain/11.3.rel1/arm-none-eabi/bin/../lib/gcc/arm-none-eabi/11.3.1/thumb/v6-m/nofp/libgcc.a(_udivsi3.o) (__aeabi_idiv0)
/Applications/ArmGNUToolchain/11.3.rel1/arm-none-eabi/bin/../lib/gcc/arm-none-eabi/11.3.1/../../../../arm-none-eabi/lib/thumb/v6-m/nofp/libg.a(libc_a-exit.o)
                              /Applications/ArmGNUToolchain/11.3.rel1/arm-none-eabi/bin/../lib/gcc/arm-none-eabi/11.3.1/../../../../arm-none-eabi/lib/thumb/v6-m/nofp/crt0.o (exit)
/Applications/ArmGNUToolchain/11.3.rel1/arm-none-eabi/bin/../lib/gcc/arm-none-eabi/11.3.1/../../../../arm-none-eabi/lib/thumb/v6-m/nofp/libg.a(libc_a-findfp.o)
                              /Applications/ArmGNUToolchain/11.3.rel1/arm-none-eabi/bin/../lib/gcc/arm-none-eabi/11.3.1/../../../../arm-none-eabi/lib/thumb/v6-m/nofp/libg.a(libc_a-exit.o) (__stdio_exit_handler)
/Applications/ArmGNUToolchain/11.3.rel1/arm-none-eabi/bin/../lib/gcc/arm-none-eabi/11.3.1/../../../../arm-none-eabi/lib/thumb/v6-m/nofp/libg.a(libc_a-fwalk.o)
                              /Applications/ArmGNUToolchain/11.3.rel1/arm-none-eabi/bin/../lib/gcc/arm-none-eabi/11.3.1/../../../../arm-none-eabi/lib/thumb/v6-m/nofp/libg.a(libc_a-findfp.o) (_fwalk_sglue)
/Applications/ArmGNUToolchain/11.3.rel1/arm-none-eabi/bin/../lib/gcc/arm-none-eabi/11.3.1/../../../../arm-none-eabi/lib/thumb/v6-m/nofp/libg.a(libc_a-memset.o)
                              /Applications/ArmGNUToolchain/11.3.rel1/arm-none-eabi/bin/../lib/gcc/arm-none-eabi/11.3.1/../../../../arm-none-eabi/lib/thumb/v6-m/nofp/crt0.o (memset)
/Applications/ArmGNUToolchain/11.3.rel1/arm-none-eabi/bin/../lib/gcc/arm-none-eabi/11.3.1/../../../../arm-none-eabi/lib/thumb/v6-m/nofp/libg.a(libc_a-impure.o)
                              /Applications/ArmGNUToolchain/11.3.rel1/arm-none-eabi/bin/../lib/gcc/arm-none-eabi/11.3.1/../../../../arm-none-eabi/lib/thumb/v6-m/nofp/libg.a(libc_a-findfp.o) (_impure_data)
/Applications/ArmGNUToolchain/11.3.rel1/arm-none-eabi/bin/../lib/gcc/arm-none-eabi/11.3.1/../../../../arm-none-eabi/lib/thumb/v6-m/nofp/libg.a(libc_a-errno.o)
                              CMakeFiles/Neopixel2.elf.dir/Core/Src/syscalls.c.obj (__errno)
/Applications/ArmGNUToolchain/11.3.rel1/arm-none-eabi/bin/../lib/gcc/arm-none-eabi/11.3.1/../../../../arm-none-eabi/lib/thumb/v6-m/nofp/libg.a(libc_a-init.o)
                              /Applications/ArmGNUToolchain/11.3.rel1/arm-none-eabi/bin/../lib/gcc/arm-none-eabi/11.3.1/../../../../arm-none-eabi/lib/thumb/v6-m/nofp/crt0.o (__libc_init_array)
/Applications/ArmGNUToolchain/11.3.rel1/arm-none-eabi/bin/../lib/gcc/arm-none-eabi/11.3.1/../../../../arm-none-eabi/lib/thumb/v6-m/nofp/libg.a(libc_a-lock.o)
                              /Applications/ArmGNUToolchain/11.3.rel1/arm-none-eabi/bin/../lib/gcc/arm-none-eabi/11.3.1/../../../../arm-none-eabi/lib/thumb/v6-m/nofp/libg.a(libc_a-findfp.o) (__retarget_lock_init_recursive)
/Applications/ArmGNUToolchain/11.3.rel1/arm-none-eabi/bin/../lib/gcc/arm-none-eabi/11.3.1/../../../../arm-none-eabi/lib/thumb/v6-m/nofp/libg.a(libc_a-__call_atexit.o)
                              /Applications/ArmGNUToolchain/11.3.rel1/arm-none-eabi/bin/../lib/gcc/arm-none-eabi/11.3.1/../../../../arm-none-eabi/lib/thumb/v6-m/nofp/libg.a(libc_a-exit.o) (__call_exitprocs)
/Applications/ArmGNUToolchain/11.3.rel1/arm-none-eabi/bin/../lib/gcc/arm-none-eabi/11.3.1/../../../../arm-none-eabi/lib/thumb/v6-m/nofp/libg.a(libc_a-atexit.o)
                              /Applications/ArmGNUToolchain/11.3.rel1/arm-none-eabi/bin/../lib/gcc/arm-none-eabi/11.3.1/../../../../arm-none-eabi/lib/thumb/v6-m/nofp/libg.a(libc_a-__call_atexit.o) (atexit)
/Applications/ArmGNUToolchain/11.3.rel1/arm-none-eabi/bin/../lib/gcc/arm-none-eabi/11.3.1/../../../../arm-none-eabi/lib/thumb/v6-m/nofp/libg.a(libc_a-mallocr.o)
                              /Applications/ArmGNUToolchain/11.3.rel1/arm-none-eabi/bin/../lib/gcc/arm-none-eabi/11.3.1/../../../../arm-none-eabi/lib/thumb/v6-m/nofp/libg.a(libc_a-findfp.o) (_malloc_r)
/Applications/ArmGNUToolchain/11.3.rel1/arm-none-eabi/bin/../lib/gcc/arm-none-eabi/11.3.1/../../../../arm-none-eabi/lib/thumb/v6-m/nofp/libg.a(libc_a-mlock.o)
                              /Applications/ArmGNUToolchain/11.3.rel1/arm-none-eabi/bin/../lib/gcc/arm-none-eabi/11.3.1/../../../../arm-none-eabi/lib/thumb/v6-m/nofp/libg.a(libc_a-mallocr.o) (__malloc_lock)
/Applications/ArmGNUToolchain/11.3.rel1/arm-none-eabi/bin/../lib/gcc/arm-none-eabi/11.3.1/../../../../arm-none-eabi/lib/thumb/v6-m/nofp/libg.a(libc_a-fclose.o)
[...]
Memory Configuration

Name             Origin             Length             Attributes
RAM              0x0000000020000000 0x0000000000002000 xrw
FLASH            0x0000000008000000 0x0000000000010000 xr
*default*        0x0000000000000000 0xffffffffffffffff

Linker script and memory map

LOAD /Applications/ArmGNUToolchain/11.3.rel1/arm-none-eabi/bin/../lib/gcc/arm-none-eabi/11.3.1/thumb/v6-m/nofp/crti.o
LOAD /Applications/ArmGNUToolchain/11.3.rel1/arm-none-eabi/bin/../lib/gcc/arm-none-eabi/11.3.1/thumb/v6-m/nofp/crtbegin.o
LOAD /Applications/ArmGNUToolchain/11.3.rel1/arm-none-eabi/bin/../lib/gcc/arm-none-eabi/11.3.1/../../../../arm-none-eabi/lib/thumb/v6-m/nofp/crt0.o
LOAD CMakeFiles/Neopixel2.elf.dir/Core/Src/main.c.obj
LOAD CMakeFiles/Neopixel2.elf.dir/Core/Src/stm32g0xx_hal_msp.c.obj
LOAD CMakeFiles/Neopixel2.elf.dir/Core/Src/stm32g0xx_it.c.obj
LOAD CMakeFiles/Neopixel2.elf.dir/Core/Src/syscalls.c.obj
LOAD CMakeFiles/Neopixel2.elf.dir/Core/Src/sysmem.c.obj
LOAD CMakeFiles/Neopixel2.elf.dir/Core/Src/system_stm32g0xx.c.obj
LOAD CMakeFiles/Neopixel2.elf.dir/Core/Startup/startup_stm32g031k8tx.s.obj
LOAD CMakeFiles/Neopixel2.elf.dir/Drivers/STM32G0xx_HAL_Driver/Src/stm32g0xx_hal.c.obj
LOAD CMakeFiles/Neopixel2.elf.dir/Drivers/STM32G0xx_HAL_Driver/Src/stm32g0xx_hal_cortex.c.obj
LOAD CMakeFiles/Neopixel2.elf.dir/Drivers/STM32G0xx_HAL_Driver/Src/stm32g0xx_hal_dma.c.obj
LOAD CMakeFiles/Neopixel2.elf.dir/Drivers/STM32G0xx_HAL_Driver/Src/stm32g0xx_hal_dma_ex.c.obj
LOAD CMakeFiles/Neopixel2.elf.dir/Drivers/STM32G0xx_HAL_Driver/Src/stm32g0xx_hal_exti.c.obj
LOAD CMakeFiles/Neopixel2.elf.dir/Drivers/STM32G0xx_HAL_Driver/Src/stm32g0xx_hal_flash.c.obj
LOAD CMakeFiles/Neopixel2.elf.dir/Drivers/STM32G0xx_HAL_Driver/Src/stm32g0xx_hal_flash_ex.c.obj
LOAD CMakeFiles/Neopixel2.elf.dir/Drivers/STM32G0xx_HAL_Driver/Src/stm32g0xx_hal_gpio.c.obj
LOAD CMakeFiles/Neopixel2.elf.dir/Drivers/STM32G0xx_HAL_Driver/Src/stm32g0xx_hal_pwr.c.obj
LOAD CMakeFiles/Neopixel2.elf.dir/Drivers/STM32G0xx_HAL_Driver/Src/stm32g0xx_hal_pwr_ex.c.obj
LOAD CMakeFiles/Neopixel2.elf.dir/Drivers/STM32G0xx_HAL_Driver/Src/stm32g0xx_hal_rcc.c.obj
LOAD CMakeFiles/Neopixel2.elf.dir/Drivers/STM32G0xx_HAL_Driver/Src/stm32g0xx_hal_rcc_ex.c.obj
LOAD CMakeFiles/Neopixel2.elf.dir/Drivers/STM32G0xx_HAL_Driver/Src/stm32g0xx_hal_tim.c.obj
LOAD CMakeFiles/Neopixel2.elf.dir/Drivers/STM32G0xx_HAL_Driver/Src/stm32g0xx_hal_tim_ex.c.obj
LOAD CMakeFiles/Neopixel2.elf.dir/Drivers/STM32G0xx_HAL_Driver/Src/stm32g0xx_ll_dma.c.obj
LOAD CMakeFiles/Neopixel2.elf.dir/Drivers/STM32G0xx_HAL_Driver/Src/stm32g0xx_ll_rcc.c.obj
START GROUP
LOAD /Applications/ArmGNUToolchain/11.3.rel1/arm-none-eabi/bin/../lib/gcc/arm-none-eabi/11.3.1/thumb/v6-m/nofp/libgcc.a
LOAD /Applications/ArmGNUToolchain/11.3.rel1/arm-none-eabi/bin/../lib/gcc/arm-none-eabi/11.3.1/../../../../arm-none-eabi/lib/thumb/v6-m/nofp/libg.a
LOAD /Applications/ArmGNUToolchain/11.3.rel1/arm-none-eabi/bin/../lib/gcc/arm-none-eabi/11.3.1/../../../../arm-none-eabi/lib/thumb/v6-m/nofp/libc.a
END GROUP
LOAD /Applications/ArmGNUToolchain/11.3.rel1/arm-none-eabi/bin/../lib/gcc/arm-none-eabi/11.3.1/thumb/v6-m/nofp/crtend.o
LOAD /Applications/ArmGNUToolchain/11.3.rel1/arm-none-eabi/bin/../lib/gcc/arm-none-eabi/11.3.1/thumb/v6-m/nofp/crtn.o
                0x0000000020002000                _estack = (ORIGIN (RAM) + LENGTH (RAM))
                0x0000000000000200                _Min_Heap_Size = 0x200
                0x0000000000000400                _Min_Stack_Size = 0x400

.isr_vector     0x0000000008000000       0xbc
                0x0000000008000000                . = ALIGN (0x4)
 *(.isr_vector)
 .isr_vector    0x0000000008000000       0xbc CMakeFiles/Neopixel2.elf.dir/Core/Startup/startup_stm32g031k8tx.s.obj
                0x0000000008000000                g_pfnVectors
                0x00000000080000bc                . = ALIGN (0x4)

.text           0x00000000080000bc     0x2544
                0x00000000080000bc                . = ALIGN (0x4)
 *(.text)
 .text          0x00000000080000bc      0x114 /Applications/ArmGNUToolchain/11.3.rel1/arm-none-eabi/bin/../lib/gcc/arm-none-eabi/11.3.1/thumb/v6-m/nofp/libgcc.a(_udivsi3.o)
                0x00000000080000bc                __udivsi3
                0x00000000080000bc                __aeabi_uidiv
                0x00000000080001c8                __aeabi_uidivmod
 .text          0x00000000080001d0        0x4 /Applications/ArmGNUToolchain/11.3.rel1/arm-none-eabi/bin/../lib/gcc/arm-none-eabi/11.3.1/thumb/v6-m/nofp/libgcc.a(_dvmd_tls.o)
                0x00000000080001d0                __aeabi_ldiv0
                0x00000000080001d0                __aeabi_idiv0
 *(.text*)
 .text.deregister_tm_clones
                0x00000000080001d4       0x20 /Applications/ArmGNUToolchain/11.3.rel1/arm-none-eabi/bin/../lib/gcc/arm-none-eabi/11.3.1/thumb/v6-m/nofp/crtbegin.o
 .text.register_tm_clones
                0x00000000080001f4       0x28 /Applications/ArmGNUToolchain/11.3.rel1/arm-none-eabi/bin/../lib/gcc/arm-none-eabi/11.3.1/thumb/v6-m/nofp/crtbegin.o
 .text.__do_global_dtors_aux
                0x000000000800021c       0x2c /Applications/ArmGNUToolchain/11.3.rel1/arm-none-eabi/bin/../lib/gcc/arm-none-eabi/11.3.1/thumb/v6-m/nofp/crtbegin.o
 .text.frame_dummy
                0x0000000008000248       0x24 /Applications/ArmGNUToolchain/11.3.rel1/arm-none-eabi/bin/../lib/gcc/arm-none-eabi/11.3.1/thumb/v6-m/nofp/crtbegin.o
 .text.MX_GPIO_Init
                0x000000000800026c       0x1c CMakeFiles/Neopixel2.elf.dir/Core/Src/main.c.obj
 .text.MX_DMA_Init
                0x0000000008000288       0x30 CMakeFiles/Neopixel2.elf.dir/Core/Src/main.c.obj
 .text.HAL_TIM_PWM_PulseFinishedCallback
                0x00000000080002b8       0x14 CMakeFiles/Neopixel2.elf.dir/Core/Src/main.c.obj
                0x00000000080002b8                HAL_TIM_PWM_PulseFinishedCallback
 .text.sendData
                0x00000000080002cc       0x64 CMakeFiles/Neopixel2.elf.dir/Core/Src/main.c.obj
                0x00000000080002cc                sendData
 .text.Error_Handler
                0x0000000008000330        0x4 CMakeFiles/Neopixel2.elf.dir/Core/Src/main.c.obj
                0x0000000008000330                Error_Handler
 .text.MX_TIM1_Init
                0x0000000008000334       0xf4 CMakeFiles/Neopixel2.elf.dir/Core/Src/main.c.obj
 .text.SystemClock_Config
                0x0000000008000428       0x82 CMakeFiles/Neopixel2.elf.dir/Core/Src/main.c.obj
                0x0000000008000428                SystemClock_Config
 *fill*         0x00000000080004aa        0x2 
 .text.main     0x00000000080004ac      0x140 CMakeFiles/Neopixel2.elf.dir/Core/Src/main.c.obj
                0x00000000080004ac                main
 .text.HAL_MspInit
                0x00000000080005ec       0x30 CMakeFiles/Neopixel2.elf.dir/Core/Src/stm32g0xx_hal_msp.c.obj
                0x00000000080005ec                HAL_MspInit
 .text.HAL_TIM_Base_MspInit
                0x000000000800061c       0x90 CMakeFiles/Neopixel2.elf.dir/Core/Src/stm32g0xx_hal_msp.c.obj
                0x000000000800061c                HAL_TIM_Base_MspInit
 .text.HAL_TIM_MspPostInit
                0x00000000080006ac       0x50 CMakeFiles/Neopixel2.elf.dir/Core/Src/stm32g0xx_hal_msp.c.obj
                0x00000000080006ac                HAL_TIM_MspPostInit
 .text.NMI_Handler
                0x00000000080006fc        0x2 CMakeFiles/Neopixel2.elf.dir/Core/Src/stm32g0xx_it.c.obj
                0x00000000080006fc                NMI_Handler
 .text.HardFault_Handler
                0x00000000080006fe        0x2 CMakeFiles/Neopixel2.elf.dir/Core/Src/stm32g0xx_it.c.obj
                0x00000000080006fe                HardFault_Handler
 .text.SVC_Handler
                0x0000000008000700        0x2 CMakeFiles/Neopixel2.elf.dir/Core/Src/stm32g0xx_it.c.obj
                0x0000000008000700                SVC_Handler
 .text.PendSV_Handler
                0x0000000008000702        0x2 CMakeFiles/Neopixel2.elf.dir/Core/Src/stm32g0xx_it.c.obj
                0x0000000008000702                PendSV_Handler
 .text.SysTick_Handler
                0x0000000008000704        0x8 CMakeFiles/Neopixel2.elf.dir/Core/Src/stm32g0xx_it.c.obj
                0x0000000008000704                SysTick_Handler
 .text.DMA1_Channel1_IRQHandler
                0x000000000800070c       0x10 CMakeFiles/Neopixel2.elf.dir/Core/Src/stm32g0xx_it.c.obj
                0x000000000800070c                DMA1_Channel1_IRQHandler
 .text.SystemInit
                0x000000000800071c        0x2 CMakeFiles/Neopixel2.elf.dir/Core/Src/system_stm32g0xx.c.obj
                0x000000000800071c                SystemInit
 *fill*         0x000000000800071e        0x2 
 .text.Reset_Handler
                0x0000000008000720       0x50 CMakeFiles/Neopixel2.elf.dir/Core/Startup/startup_stm32g031k8tx.s.obj
                0x0000000008000720                Reset_Handler
 .text.Default_Handler
                0x0000000008000770        0x2 CMakeFiles/Neopixel2.elf.dir/Core/Startup/startup_stm32g031k8tx.s.obj
                0x0000000008000770                LPTIM1_IRQHandler
                0x0000000008000770                PVD_IRQHandler
                0x0000000008000770                I2C1_IRQHandler
                0x0000000008000770                LPTIM2_IRQHandler
                0x0000000008000770                RTC_TAMP_IRQHandler
                0x0000000008000770                SPI1_IRQHandler
                0x0000000008000770                DMA1_Ch4_5_DMAMUX1_OVR_IRQHandler
                0x0000000008000770                EXTI2_3_IRQHandler
                0x0000000008000770                ADC1_IRQHandler
                0x0000000008000770                I2C2_IRQHandler
                0x0000000008000770                TIM17_IRQHandler
                0x0000000008000770                TIM16_IRQHandler
                0x0000000008000770                TIM3_IRQHandler
                0x0000000008000770                EXTI4_15_IRQHandler
                0x0000000008000770                RCC_IRQHandler
                0x0000000008000770                Default_Handler
                0x0000000008000770                TIM14_IRQHandler
                0x0000000008000770                EXTI0_1_IRQHandler
                0x0000000008000770                SPI2_IRQHandler
                0x0000000008000770                WWDG_IRQHandler
                0x0000000008000770                LPUART1_IRQHandler
                0x0000000008000770                TIM2_IRQHandler
                0x0000000008000770                DMA1_Channel2_3_IRQHandler
                0x0000000008000770                USART2_IRQHandler
                0x0000000008000770                FLASH_IRQHandler
                0x0000000008000770                USART1_IRQHandler
                0x0000000008000770                TIM1_BRK_UP_TRG_COM_IRQHandler
                0x0000000008000770                TIM1_CC_IRQHandler
 *fill*         0x0000000008000772        0x2 
 .text.HAL_InitTick
                0x0000000008000774       0x58 CMakeFiles/Neopixel2.elf.dir/Drivers/STM32G0xx_HAL_Driver/Src/stm32g0xx_hal.c.obj
                0x0000000008000774                HAL_InitTick
 .text.HAL_Init
                0x00000000080007cc       0x28 CMakeFiles/Neopixel2.elf.dir/Drivers/STM32G0xx_HAL_Driver/Src/stm32g0xx_hal.c.obj
                0x00000000080007cc                HAL_Init
 .text.HAL_IncTick
                0x00000000080007f4       0x18 CMakeFiles/Neopixel2.elf.dir/Drivers/STM32G0xx_HAL_Driver/Src/stm32g0xx_hal.c.obj
                0x00000000080007f4                HAL_IncTick
 .text.HAL_GetTick
                0x000000000800080c        0xc CMakeFiles/Neopixel2.elf.dir/Drivers/STM32G0xx_HAL_Driver/Src/stm32g0xx_hal.c.obj
                0x000000000800080c                HAL_GetTick
 .text.HAL_Delay
                0x0000000008000818       0x24 CMakeFiles/Neopixel2.elf.dir/Drivers/STM32G0xx_HAL_Driver/Src/stm32g0xx_hal.c.obj
                0x0000000008000818                HAL_Delay
 .text.HAL_NVIC_SetPriority
                0x000000000800083c       0x60 CMakeFiles/Neopixel2.elf.dir/Drivers/STM32G0xx_HAL_Driver/Src/stm32g0xx_hal_cortex.c.obj
                0x000000000800083c                HAL_NVIC_SetPriority
 .text.HAL_NVIC_EnableIRQ
                0x000000000800089c       0x18 CMakeFiles/Neopixel2.elf.dir/Drivers/STM32G0xx_HAL_Driver/Src/stm32g0xx_hal_cortex.c.obj
                0x000000000800089c                HAL_NVIC_EnableIRQ
 .text.HAL_SYSTICK_Config
                0x00000000080008b4       0x38 CMakeFiles/Neopixel2.elf.dir/Drivers/STM32G0xx_HAL_Driver/Src/stm32g0xx_hal_cortex.c.obj
                0x00000000080008b4                HAL_SYSTICK_Config
 .text.DMA_SetConfig
                0x00000000080008ec       0x48 CMakeFiles/Neopixel2.elf.dir/Drivers/STM32G0xx_HAL_Driver/Src/stm32g0xx_hal_dma.c.obj
 .text.DMA_CalcDMAMUXChannelBaseAndMask
                0x0000000008000934       0x38 CMakeFiles/Neopixel2.elf.dir/Drivers/STM32G0xx_HAL_Driver/Src/stm32g0xx_hal_dma.c.obj
 .text.DMA_CalcDMAMUXRequestGenBaseAndMask
                0x000000000800096c       0x28 CMakeFiles/Neopixel2.elf.dir/Drivers/STM32G0xx_HAL_Driver/Src/stm32g0xx_hal_dma.c.obj
 .text.HAL_DMA_Init
                0x0000000008000994       0xb0 CMakeFiles/Neopixel2.elf.dir/Drivers/STM32G0xx_HAL_Driver/Src/stm32g0xx_hal_dma.c.obj
                0x0000000008000994                HAL_DMA_Init
 .text.HAL_DMA_Start_IT
                0x0000000008000a44       0x9c CMakeFiles/Neopixel2.elf.dir/Drivers/STM32G0xx_HAL_Driver/Src/stm32g0xx_hal_dma.c.obj
                0x0000000008000a44                HAL_DMA_Start_IT
 .text.HAL_DMA_Abort_IT
                0x0000000008000ae0       0x80 CMakeFiles/Neopixel2.elf.dir/Drivers/STM32G0xx_HAL_Driver/Src/stm32g0xx_hal_dma.c.obj
                0x0000000008000ae0                HAL_DMA_Abort_IT
 .text.HAL_DMA_IRQHandler
                0x0000000008000b60       0xcc CMakeFiles/Neopixel2.elf.dir/Drivers/STM32G0xx_HAL_Driver/Src/stm32g0xx_hal_dma.c.obj
                0x0000000008000b60                HAL_DMA_IRQHandler
 .text.HAL_GPIO_Init
                0x0000000008000c2c      0x174 CMakeFiles/Neopixel2.elf.dir/Drivers/STM32G0xx_HAL_Driver/Src/stm32g0xx_hal_gpio.c.obj
                0x0000000008000c2c                HAL_GPIO_Init
 .text.HAL_PWREx_ControlVoltageScaling
                0x0000000008000da0       0x54 CMakeFiles/Neopixel2.elf.dir/Drivers/STM32G0xx_HAL_Driver/Src/stm32g0xx_hal_pwr_ex.c.obj
                0x0000000008000da0                HAL_PWREx_ControlVoltageScaling
 .text.HAL_RCC_OscConfig
                0x0000000008000df4      0x4b8 CMakeFiles/Neopixel2.elf.dir/Drivers/STM32G0xx_HAL_Driver/Src/stm32g0xx_hal_rcc.c.obj
                0x0000000008000df4                HAL_RCC_OscConfig
 .text.HAL_RCC_GetSysClockFreq
                0x00000000080012ac       0xb8 CMakeFiles/Neopixel2.elf.dir/Drivers/STM32G0xx_HAL_Driver/Src/stm32g0xx_hal_rcc.c.obj
                0x00000000080012ac                HAL_RCC_GetSysClockFreq
 .text.HAL_RCC_ClockConfig
                0x0000000008001364      0x18c CMakeFiles/Neopixel2.elf.dir/Drivers/STM32G0xx_HAL_Driver/Src/stm32g0xx_hal_rcc.c.obj
                0x0000000008001364                HAL_RCC_ClockConfig
 .text.HAL_RCCEx_PeriphCLKConfig
                0x00000000080014f0      0x1f4 CMakeFiles/Neopixel2.elf.dir/Drivers/STM32G0xx_HAL_Driver/Src/stm32g0xx_hal_rcc_ex.c.obj
                0x00000000080014f0                HAL_RCCEx_PeriphCLKConfig
 .text.TIM_OC1_SetConfig
                0x00000000080016e4       0x80 CMakeFiles/Neopixel2.elf.dir/Drivers/STM32G0xx_HAL_Driver/Src/stm32g0xx_hal_tim.c.obj
 .text.TIM_OC3_SetConfig
                0x0000000008001764       0x8c CMakeFiles/Neopixel2.elf.dir/Drivers/STM32G0xx_HAL_Driver/Src/stm32g0xx_hal_tim.c.obj
 .text.TIM_OC4_SetConfig
                0x00000000080017f0       0x68 CMakeFiles/Neopixel2.elf.dir/Drivers/STM32G0xx_HAL_Driver/Src/stm32g0xx_hal_tim.c.obj
 .text.TIM_OC5_SetConfig
                0x0000000008001858       0x64 CMakeFiles/Neopixel2.elf.dir/Drivers/STM32G0xx_HAL_Driver/Src/stm32g0xx_hal_tim.c.obj
 .text.TIM_OC6_SetConfig
                0x00000000080018bc       0x68 CMakeFiles/Neopixel2.elf.dir/Drivers/STM32G0xx_HAL_Driver/Src/stm32g0xx_hal_tim.c.obj
 .text.TIM_TI1_ConfigInputStage
                0x0000000008001924       0x22 CMakeFiles/Neopixel2.elf.dir/Drivers/STM32G0xx_HAL_Driver/Src/stm32g0xx_hal_tim.c.obj
 *fill*         0x0000000008001946        0x2 
 .text.TIM_TI2_ConfigInputStage
                0x0000000008001948       0x28 CMakeFiles/Neopixel2.elf.dir/Drivers/STM32G0xx_HAL_Driver/Src/stm32g0xx_hal_tim.c.obj
 .text.TIM_ITRx_SetConfig
                0x0000000008001970       0x14 CMakeFiles/Neopixel2.elf.dir/Drivers/STM32G0xx_HAL_Driver/Src/stm32g0xx_hal_tim.c.obj
 .text.HAL_TIM_PWM_MspInit
                0x0000000008001984        0x2 CMakeFiles/Neopixel2.elf.dir/Drivers/STM32G0xx_HAL_Driver/Src/stm32g0xx_hal_tim.c.obj
                0x0000000008001984                HAL_TIM_PWM_MspInit
 .text.TIM_DMADelayPulseCplt
                0x0000000008001986       0x70 CMakeFiles/Neopixel2.elf.dir/Drivers/STM32G0xx_HAL_Driver/Src/stm32g0xx_hal_tim.c.obj
 .text.HAL_TIM_PWM_PulseFinishedHalfCpltCallback
                0x00000000080019f6        0x2 CMakeFiles/Neopixel2.elf.dir/Drivers/STM32G0xx_HAL_Driver/Src/stm32g0xx_hal_tim.c.obj
                0x00000000080019f6                HAL_TIM_PWM_PulseFinishedHalfCpltCallback
 .text.TIM_DMADelayPulseHalfCplt
                0x00000000080019f8       0x3e CMakeFiles/Neopixel2.elf.dir/Drivers/STM32G0xx_HAL_Driver/Src/stm32g0xx_hal_tim.c.obj
                0x00000000080019f8                TIM_DMADelayPulseHalfCplt
 .text.HAL_TIM_ErrorCallback
                0x0000000008001a36        0x2 CMakeFiles/Neopixel2.elf.dir/Drivers/STM32G0xx_HAL_Driver/Src/stm32g0xx_hal_tim.c.obj
                0x0000000008001a36                HAL_TIM_ErrorCallback
 .text.TIM_DMAError
                0x0000000008001a38       0x5c CMakeFiles/Neopixel2.elf.dir/Drivers/STM32G0xx_HAL_Driver/Src/stm32g0xx_hal_tim.c.obj
                0x0000000008001a38                TIM_DMAError
 .text.TIM_Base_SetConfig
                0x0000000008001a94       0x94 CMakeFiles/Neopixel2.elf.dir/Drivers/STM32G0xx_HAL_Driver/Src/stm32g0xx_hal_tim.c.obj
                0x0000000008001a94                TIM_Base_SetConfig
 .text.HAL_TIM_Base_Init
                0x0000000008001b28       0x60 CMakeFiles/Neopixel2.elf.dir/Drivers/STM32G0xx_HAL_Driver/Src/stm32g0xx_hal_tim.c.obj
                0x0000000008001b28                HAL_TIM_Base_Init
 .text.HAL_TIM_PWM_Init
                0x0000000008001b88       0x60 CMakeFiles/Neopixel2.elf.dir/Drivers/STM32G0xx_HAL_Driver/Src/stm32g0xx_hal_tim.c.obj
                0x0000000008001b88                HAL_TIM_PWM_Init
 .text.TIM_OC2_SetConfig
                0x0000000008001be8       0x80 CMakeFiles/Neopixel2.elf.dir/Drivers/STM32G0xx_HAL_Driver/Src/stm32g0xx_hal_tim.c.obj
                0x0000000008001be8                TIM_OC2_SetConfig
 .text.HAL_TIM_PWM_ConfigChannel
                0x0000000008001c68      0x144 CMakeFiles/Neopixel2.elf.dir/Drivers/STM32G0xx_HAL_Driver/Src/stm32g0xx_hal_tim.c.obj
                0x0000000008001c68                HAL_TIM_PWM_ConfigChannel
 .text.TIM_ETR_SetConfig
                0x0000000008001dac       0x18 CMakeFiles/Neopixel2.elf.dir/Drivers/STM32G0xx_HAL_Driver/Src/stm32g0xx_hal_tim.c.obj
                0x0000000008001dac                TIM_ETR_SetConfig
 .text.HAL_TIM_ConfigClockSource
                0x0000000008001dc4      0x108 CMakeFiles/Neopixel2.elf.dir/Drivers/STM32G0xx_HAL_Driver/Src/stm32g0xx_hal_tim.c.obj
                0x0000000008001dc4                HAL_TIM_ConfigClockSource
 .text.TIM_CCxChannelCmd
                0x0000000008001ecc       0x1a CMakeFiles/Neopixel2.elf.dir/Drivers/STM32G0xx_HAL_Driver/Src/stm32g0xx_hal_tim.c.obj
                0x0000000008001ecc                TIM_CCxChannelCmd
 *fill*         0x0000000008001ee6        0x2 
 .text.HAL_TIM_PWM_Start_DMA
                0x0000000008001ee8      0x2a8 CMakeFiles/Neopixel2.elf.dir/Drivers/STM32G0xx_HAL_Driver/Src/stm32g0xx_hal_tim.c.obj
                0x0000000008001ee8                HAL_TIM_PWM_Start_DMA
 .text.HAL_TIM_PWM_Stop_DMA
                0x0000000008002190      0x130 CMakeFiles/Neopixel2.elf.dir/Drivers/STM32G0xx_HAL_Driver/Src/stm32g0xx_hal_tim.c.obj
                0x0000000008002190                HAL_TIM_PWM_Stop_DMA
 .text.HAL_TIMEx_MasterConfigSynchronization
                0x00000000080022c0       0x78 CMakeFiles/Neopixel2.elf.dir/Drivers/STM32G0xx_HAL_Driver/Src/stm32g0xx_hal_tim_ex.c.obj
                0x00000000080022c0                HAL_TIMEx_MasterConfigSynchronization
 .text.HAL_TIMEx_ConfigBreakDeadTime
                0x0000000008002338       0xcc CMakeFiles/Neopixel2.elf.dir/Drivers/STM32G0xx_HAL_Driver/Src/stm32g0xx_hal_tim_ex.c.obj
                0x0000000008002338                HAL_TIMEx_ConfigBreakDeadTime
 .text.memset   0x0000000008002404       0xa8 /Applications/ArmGNUToolchain/11.3.rel1/arm-none-eabi/bin/../lib/gcc/arm-none-eabi/11.3.1/../../../../arm-none-eabi/lib/thumb/v6-m/nofp/libg.a(libc_a-memset.o)
                0x0000000008002404                memset
 .text.__libc_init_array
                0x00000000080024ac       0x44 /Applications/ArmGNUToolchain/11.3.rel1/arm-none-eabi/bin/../lib/gcc/arm-none-eabi/11.3.1/../../../../arm-none-eabi/lib/thumb/v6-m/nofp/libg.a(libc_a-init.o)
                0x00000000080024ac                __libc_init_array
 .text.__retarget_lock_acquire_recursive
                0x00000000080024f0        0x4 /Applications/ArmGNUToolchain/11.3.rel1/arm-none-eabi/bin/../lib/gcc/arm-none-eabi/11.3.1/../../../../arm-none-eabi/lib/thumb/v6-m/nofp/libg.a(libc_a-lock.o)
                0x00000000080024f0                __retarget_lock_acquire_recursive
 .text.__retarget_lock_release_recursive
                0x00000000080024f4        0x4 /Applications/ArmGNUToolchain/11.3.rel1/arm-none-eabi/bin/../lib/gcc/arm-none-eabi/11.3.1/../../../../arm-none-eabi/lib/thumb/v6-m/nofp/libg.a(libc_a-lock.o)
                0x00000000080024f4                __retarget_lock_release_recursive
 .text.startup.register_fini
                0x00000000080024f8       0x18 /Applications/ArmGNUToolchain/11.3.rel1/arm-none-eabi/bin/../lib/gcc/arm-none-eabi/11.3.1/../../../../arm-none-eabi/lib/thumb/v6-m/nofp/libg.a(libc_a-__call_atexit.o)
 .text.atexit   0x0000000008002510       0x10 /Applications/ArmGNUToolchain/11.3.rel1/arm-none-eabi/bin/../lib/gcc/arm-none-eabi/11.3.1/../../../../arm-none-eabi/lib/thumb/v6-m/nofp/libg.a(libc_a-atexit.o)
                0x0000000008002510                atexit
 .text.__libc_fini_array
                0x0000000008002520       0x28 /Applications/ArmGNUToolchain/11.3.rel1/arm-none-eabi/bin/../lib/gcc/arm-none-eabi/11.3.1/../../../../arm-none-eabi/lib/thumb/v6-m/nofp/libg.a(libc_a-fini.o)
                0x0000000008002520                __libc_fini_array
 .text.__register_exitproc
                0x0000000008002548       0xa0 /Applications/ArmGNUToolchain/11.3.rel1/arm-none-eabi/bin/../lib/gcc/arm-none-eabi/11.3.1/../../../../arm-none-eabi/lib/thumb/v6-m/nofp/libg.a(libc_a-__atexit.o)
                0x0000000008002548                __register_exitproc
 *(.glue_7)
 .glue_7        0x00000000080025e8        0x0 linker stubs
 *(.glue_7t)
 .glue_7t       0x00000000080025e8        0x0 linker stubs
 *(.eh_frame)
 .eh_frame      0x00000000080025e8        0x0 /Applications/ArmGNUToolchain/11.3.rel1/arm-none-eabi/bin/../lib/gcc/arm-none-eabi/11.3.1/thumb/v6-m/nofp/crtbegin.o
 *(.init)
 .init          0x00000000080025e8        0x4 /Applications/ArmGNUToolchain/11.3.rel1/arm-none-eabi/bin/../lib/gcc/arm-none-eabi/11.3.1/thumb/v6-m/nofp/crti.o
                0x00000000080025e8                _init
 .init          0x00000000080025ec        0x8 /Applications/ArmGNUToolchain/11.3.rel1/arm-none-eabi/bin/../lib/gcc/arm-none-eabi/11.3.1/thumb/v6-m/nofp/crtn.o
 *(.fini)
 .fini          0x00000000080025f4        0x4 /Applications/ArmGNUToolchain/11.3.rel1/arm-none-eabi/bin/../lib/gcc/arm-none-eabi/11.3.1/thumb/v6-m/nofp/crti.o
                0x00000000080025f4                _fini
 .fini          0x00000000080025f8        0x8 /Applications/ArmGNUToolchain/11.3.rel1/arm-none-eabi/bin/../lib/gcc/arm-none-eabi/11.3.1/thumb/v6-m/nofp/crtn.o
                0x0000000008002600                . = ALIGN (0x4)
                0x0000000008002600                _etext = .

.vfp11_veneer   0x0000000008002600        0x0
 .vfp11_veneer  0x0000000008002600        0x0 linker stubs

.v4_bx          0x0000000008002600        0x0
 .v4_bx         0x0000000008002600        0x0 linker stubs

.iplt           0x0000000008002600        0x0
 .iplt          0x0000000008002600        0x0 /Applications/ArmGNUToolchain/11.3.rel1/arm-none-eabi/bin/../lib/gcc/arm-none-eabi/11.3.1/thumb/v6-m/nofp/crtbegin.o

.rodata         0x0000000008002600      0x160
                0x0000000008002600                . = ALIGN (0x4)
 *(.rodata)
 *(.rodata*)
 .rodata.AHBPrescTable
                0x0000000008002600       0x40 CMakeFiles/Neopixel2.elf.dir/Core/Src/system_stm32g0xx.c.obj
                0x0000000008002600                AHBPrescTable
 .rodata.HAL_TIM_PWM_ConfigChannel
                0x0000000008002640       0x54 CMakeFiles/Neopixel2.elf.dir/Drivers/STM32G0xx_HAL_Driver/Src/stm32g0xx_hal_tim.c.obj
 .rodata.HAL_TIM_PWM_Start_DMA
                0x0000000008002694       0xcc CMakeFiles/Neopixel2.elf.dir/Drivers/STM32G0xx_HAL_Driver/Src/stm32g0xx_hal_tim.c.obj
                0x0000000008002760                . = ALIGN (0x4)

.rel.dyn        0x0000000008002760        0x0
 .rel.iplt      0x0000000008002760        0x0 /Applications/ArmGNUToolchain/11.3.rel1/arm-none-eabi/bin/../lib/gcc/arm-none-eabi/11.3.1/thumb/v6-m/nofp/crtbegin.o

.ARM.extab      0x0000000008002760        0x0
                0x0000000008002760                . = ALIGN (0x4)
 *(.ARM.extab* .gnu.linkonce.armextab.*)
                0x0000000008002760                . = ALIGN (0x4)

.ARM            0x0000000008002760        0x0
                0x0000000008002760                . = ALIGN (0x4)
                0x0000000008002760                __exidx_start = .
 *(.ARM.exidx*)
                0x0000000008002760                __exidx_end = .
                0x0000000008002760                . = ALIGN (0x4)

.preinit_array  0x0000000008002760        0x0
                0x0000000008002760                . = ALIGN (0x4)
                0x0000000008002760                PROVIDE (__preinit_array_start = .)
 *(.preinit_array*)
                0x0000000008002760                PROVIDE (__preinit_array_end = .)
                0x0000000008002760                . = ALIGN (0x4)

.init_array     0x0000000008002760        0x8
                0x0000000008002760                . = ALIGN (0x4)
                0x0000000008002760                PROVIDE (__init_array_start = .)
 *(SORT_BY_NAME(.init_array.*))
 .init_array.00000
                0x0000000008002760        0x4 /Applications/ArmGNUToolchain/11.3.rel1/arm-none-eabi/bin/../lib/gcc/arm-none-eabi/11.3.1/../../../../arm-none-eabi/lib/thumb/v6-m/nofp/libg.a(libc_a-__call_atexit.o)
 *(.init_array*)
 .init_array    0x0000000008002764        0x4 /Applications/ArmGNUToolchain/11.3.rel1/arm-none-eabi/bin/../lib/gcc/arm-none-eabi/11.3.1/thumb/v6-m/nofp/crtbegin.o
                0x0000000008002768                PROVIDE (__init_array_end = .)
                0x0000000008002768                . = ALIGN (0x4)

.fini_array     0x0000000008002768        0x4
                0x0000000008002768                . = ALIGN (0x4)
                0x0000000008002768                PROVIDE (__fini_array_start = .)
 *(SORT_BY_NAME(.fini_array.*))
 *(.fini_array*)
 .fini_array    0x0000000008002768        0x4 /Applications/ArmGNUToolchain/11.3.rel1/arm-none-eabi/bin/../lib/gcc/arm-none-eabi/11.3.1/thumb/v6-m/nofp/crtbegin.o
                0x000000000800276c                PROVIDE (__fini_array_end = .)
                0x000000000800276c                . = ALIGN (0x4)
                0x000000000800276c                _sidata = LOADADDR (.data)

.data           0x0000000020000000       0x10 load address 0x000000000800276c
                0x0000000020000000                . = ALIGN (0x4)
                0x0000000020000000                _sdata = .
 *(.data)
 *(.data*)
 .data.SystemCoreClock
                0x0000000020000000        0x4 CMakeFiles/Neopixel2.elf.dir/Core/Src/system_stm32g0xx.c.obj
                0x0000000020000000                SystemCoreClock
 .data.uwTickFreq
                0x0000000020000004        0x1 CMakeFiles/Neopixel2.elf.dir/Drivers/STM32G0xx_HAL_Driver/Src/stm32g0xx_hal.c.obj
                0x0000000020000004                uwTickFreq
 *fill*         0x0000000020000005        0x3 
 .data.uwTickPrio
                0x0000000020000008        0x4 CMakeFiles/Neopixel2.elf.dir/Drivers/STM32G0xx_HAL_Driver/Src/stm32g0xx_hal.c.obj
                0x0000000020000008                uwTickPrio
 .data.__atexit_recursive_mutex
                0x000000002000000c        0x4 /Applications/ArmGNUToolchain/11.3.rel1/arm-none-eabi/bin/../lib/gcc/arm-none-eabi/11.3.1/../../../../arm-none-eabi/lib/thumb/v6-m/nofp/libg.a(libc_a-__call_atexit.o)
                0x000000002000000c                __atexit_recursive_mutex
 *(.RamFunc)
 *(.RamFunc*)
                0x0000000020000010                . = ALIGN (0x4)
                0x0000000020000010                _edata = .

.tm_clone_table
                0x0000000020000010        0x0 load address 0x000000000800277c
 .tm_clone_table
                0x0000000020000010        0x0 /Applications/ArmGNUToolchain/11.3.rel1/arm-none-eabi/bin/../lib/gcc/arm-none-eabi/11.3.1/thumb/v6-m/nofp/crtbegin.o
 .tm_clone_table
                0x0000000020000010        0x0 /Applications/ArmGNUToolchain/11.3.rel1/arm-none-eabi/bin/../lib/gcc/arm-none-eabi/11.3.1/thumb/v6-m/nofp/crtend.o

.igot.plt       0x0000000020000010        0x0 load address 0x000000000800277c
 .igot.plt      0x0000000020000010        0x0 /Applications/ArmGNUToolchain/11.3.rel1/arm-none-eabi/bin/../lib/gcc/arm-none-eabi/11.3.1/thumb/v6-m/nofp/crtbegin.o
                0x0000000020000010                . = ALIGN (0x4)

.bss            0x0000000020000010      0x408 load address 0x000000000800277c
                0x0000000020000010                _sbss = .
                0x0000000020000010                __bss_start__ = _sbss
 *(.bss)
 *(.bss*)
 .bss.completed.1
                0x0000000020000010        0x1 /Applications/ArmGNUToolchain/11.3.rel1/arm-none-eabi/bin/../lib/gcc/arm-none-eabi/11.3.1/thumb/v6-m/nofp/crtbegin.o
 *fill*         0x0000000020000011        0x3 
 .bss.object.0  0x0000000020000014       0x18 /Applications/ArmGNUToolchain/11.3.rel1/arm-none-eabi/bin/../lib/gcc/arm-none-eabi/11.3.1/thumb/v6-m/nofp/crtbegin.o
 .bss.colors    0x000000002000002c       0x20 CMakeFiles/Neopixel2.elf.dir/Core/Src/main.c.obj
                0x000000002000002c                colors
 .bss.datasentflag
                0x000000002000004c        0x4 CMakeFiles/Neopixel2.elf.dir/Core/Src/main.c.obj
                0x000000002000004c                datasentflag
 .bss.hdma_tim1_ch1
                0x0000000020000050       0x5c CMakeFiles/Neopixel2.elf.dir/Core/Src/main.c.obj
                0x0000000020000050                hdma_tim1_ch1
 .bss.htim1     0x00000000200000ac       0x4c CMakeFiles/Neopixel2.elf.dir/Core/Src/main.c.obj
                0x00000000200000ac                htim1
 .bss.pwmData   0x00000000200000f8      0x182 CMakeFiles/Neopixel2.elf.dir/Core/Src/main.c.obj
                0x00000000200000f8                pwmData
 *fill*         0x000000002000027a        0x2 
 .bss.uwTick    0x000000002000027c        0x4 CMakeFiles/Neopixel2.elf.dir/Drivers/STM32G0xx_HAL_Driver/Src/stm32g0xx_hal.c.obj
                0x000000002000027c                uwTick
 .bss.__lock___atexit_recursive_mutex
                0x0000000020000280        0x1 /Applications/ArmGNUToolchain/11.3.rel1/arm-none-eabi/bin/../lib/gcc/arm-none-eabi/11.3.1/../../../../arm-none-eabi/lib/thumb/v6-m/nofp/libg.a(libc_a-lock.o)
                0x0000000020000280                __lock___atexit_recursive_mutex
 *fill*         0x0000000020000281        0x3 
 .bss.__atexit  0x0000000020000284        0x4 /Applications/ArmGNUToolchain/11.3.rel1/arm-none-eabi/bin/../lib/gcc/arm-none-eabi/11.3.1/../../../../arm-none-eabi/lib/thumb/v6-m/nofp/libg.a(libc_a-__call_atexit.o)
                0x0000000020000284                __atexit
 .bss.__atexit0
                0x0000000020000288      0x190 /Applications/ArmGNUToolchain/11.3.rel1/arm-none-eabi/bin/../lib/gcc/arm-none-eabi/11.3.1/../../../../arm-none-eabi/lib/thumb/v6-m/nofp/libg.a(libc_a-__atexit.o)
                0x0000000020000288                __atexit0
 *(COMMON)
                0x0000000020000418                . = ALIGN (0x4)
                0x0000000020000418                _ebss = .
                0x0000000020000418                __bss_end__ = _ebss

._user_heap_stack
                0x0000000020000418      0x600 load address 0x000000000800277c
                0x0000000020000418                . = ALIGN (0x8)
                [!provide]                        PROVIDE (end = .)
                0x0000000020000418                PROVIDE (_end = .)
                0x0000000020000618                . = (. + _Min_Heap_Size)
 *fill*         0x0000000020000418      0x200 
                0x0000000020000a18                . = (. + _Min_Stack_Size)
 *fill*         0x0000000020000618      0x400 
                0x0000000020000a18                . = ALIGN (0x8)

/DISCARD/
 libc.a(*)
 libm.a(*)
 libgcc.a(*)

.ARM.attributes
                0x0000000000000000       0x28
 *(.ARM.attributes)
 .ARM.attributes
                0x0000000000000000       0x1e /Applications/ArmGNUToolchain/11.3.rel1/arm-none-eabi/bin/../lib/gcc/arm-none-eabi/11.3.1/thumb/v6-m/nofp/crti.o
 .ARM.attributes
                0x000000000000001e       0x2c /Applications/ArmGNUToolchain/11.3.rel1/arm-none-eabi/bin/../lib/gcc/arm-none-eabi/11.3.1/thumb/v6-m/nofp/crtbegin.o
 .ARM.attributes
                0x000000000000004a       0x2c CMakeFiles/Neopixel2.elf.dir/Core/Src/main.c.obj
 .ARM.attributes
                0x0000000000000076       0x2c CMakeFiles/Neopixel2.elf.dir/Core/Src/stm32g0xx_hal_msp.c.obj
 .ARM.attributes
                0x00000000000000a2       0x2c CMakeFiles/Neopixel2.elf.dir/Core/Src/stm32g0xx_it.c.obj
 .ARM.attributes
                0x00000000000000ce       0x2c CMakeFiles/Neopixel2.elf.dir/Core/Src/system_stm32g0xx.c.obj
 .ARM.attributes
                0x00000000000000fa       0x22 CMakeFiles/Neopixel2.elf.dir/Core/Startup/startup_stm32g031k8tx.s.obj
 .ARM.attributes
                0x000000000000011c       0x2c CMakeFiles/Neopixel2.elf.dir/Drivers/STM32G0xx_HAL_Driver/Src/stm32g0xx_hal.c.obj
 .ARM.attributes
                0x0000000000000148       0x2c CMakeFiles/Neopixel2.elf.dir/Drivers/STM32G0xx_HAL_Driver/Src/stm32g0xx_hal_cortex.c.obj
 .ARM.attributes
                0x0000000000000174       0x2c CMakeFiles/Neopixel2.elf.dir/Drivers/STM32G0xx_HAL_Driver/Src/stm32g0xx_hal_dma.c.obj
 .ARM.attributes
                0x00000000000001a0       0x2c CMakeFiles/Neopixel2.elf.dir/Drivers/STM32G0xx_HAL_Driver/Src/stm32g0xx_hal_gpio.c.obj
 .ARM.attributes
                0x00000000000001cc       0x2c CMakeFiles/Neopixel2.elf.dir/Drivers/STM32G0xx_HAL_Driver/Src/stm32g0xx_hal_pwr_ex.c.obj
 .ARM.attributes
                0x00000000000001f8       0x2c CMakeFiles/Neopixel2.elf.dir/Drivers/STM32G0xx_HAL_Driver/Src/stm32g0xx_hal_rcc.c.obj
 .ARM.attributes
                0x0000000000000224       0x2c CMakeFiles/Neopixel2.elf.dir/Drivers/STM32G0xx_HAL_Driver/Src/stm32g0xx_hal_rcc_ex.c.obj
 .ARM.attributes
                0x0000000000000250       0x2c CMakeFiles/Neopixel2.elf.dir/Drivers/STM32G0xx_HAL_Driver/Src/stm32g0xx_hal_tim.c.obj
 .ARM.attributes
                0x000000000000027c       0x2c CMakeFiles/Neopixel2.elf.dir/Drivers/STM32G0xx_HAL_Driver/Src/stm32g0xx_hal_tim_ex.c.obj
 .ARM.attributes
                0x00000000000002a8       0x1e /Applications/ArmGNUToolchain/11.3.rel1/arm-none-eabi/bin/../lib/gcc/arm-none-eabi/11.3.1/thumb/v6-m/nofp/libgcc.a(_udivsi3.o)
 .ARM.attributes
                0x00000000000002c6       0x1e /Applications/ArmGNUToolchain/11.3.rel1/arm-none-eabi/bin/../lib/gcc/arm-none-eabi/11.3.1/thumb/v6-m/nofp/libgcc.a(_dvmd_tls.o)
 .ARM.attributes
                0x00000000000002e4       0x2c /Applications/ArmGNUToolchain/11.3.rel1/arm-none-eabi/bin/../lib/gcc/arm-none-eabi/11.3.1/../../../../arm-none-eabi/lib/thumb/v6-m/nofp/libg.a(libc_a-memset.o)
 .ARM.attributes
                0x0000000000000310       0x2c /Applications/ArmGNUToolchain/11.3.rel1/arm-none-eabi/bin/../lib/gcc/arm-none-eabi/11.3.1/../../../../arm-none-eabi/lib/thumb/v6-m/nofp/libg.a(libc_a-init.o)
 .ARM.attributes
                0x000000000000033c       0x2c /Applications/ArmGNUToolchain/11.3.rel1/arm-none-eabi/bin/../lib/gcc/arm-none-eabi/11.3.1/../../../../arm-none-eabi/lib/thumb/v6-m/nofp/libg.a(libc_a-lock.o)
 .ARM.attributes
                0x0000000000000368       0x2c /Applications/ArmGNUToolchain/11.3.rel1/arm-none-eabi/bin/../lib/gcc/arm-none-eabi/11.3.1/../../../../arm-none-eabi/lib/thumb/v6-m/nofp/libg.a(libc_a-__call_atexit.o)
 .ARM.attributes
                0x0000000000000394       0x2c /Applications/ArmGNUToolchain/11.3.rel1/arm-none-eabi/bin/../lib/gcc/arm-none-eabi/11.3.1/../../../../arm-none-eabi/lib/thumb/v6-m/nofp/libg.a(libc_a-atexit.o)
 .ARM.attributes
                0x00000000000003c0       0x2c /Applications/ArmGNUToolchain/11.3.rel1/arm-none-eabi/bin/../lib/gcc/arm-none-eabi/11.3.1/../../../../arm-none-eabi/lib/thumb/v6-m/nofp/libg.a(libc_a-fini.o)
 .ARM.attributes
                0x00000000000003ec       0x2c /Applications/ArmGNUToolchain/11.3.rel1/arm-none-eabi/bin/../lib/gcc/arm-none-eabi/11.3.1/../../../../arm-none-eabi/lib/thumb/v6-m/nofp/libg.a(libc_a-__atexit.o)
 .ARM.attributes
                0x0000000000000418       0x2c /Applications/ArmGNUToolchain/11.3.rel1/arm-none-eabi/bin/../lib/gcc/arm-none-eabi/11.3.1/thumb/v6-m/nofp/crtend.o
 .ARM.attributes
                0x0000000000000444       0x1e /Applications/ArmGNUToolchain/11.3.rel1/arm-none-eabi/bin/../lib/gcc/arm-none-eabi/11.3.1/thumb/v6-m/nofp/crtn.o
OUTPUT(Neopixel2.elf elf32-littlearm)
LOAD linker stubs
LOAD /Applications/ArmGNUToolchain/11.3.rel1/arm-none-eabi/bin/../lib/gcc/arm-none-eabi/11.3.1/../../../../arm-none-eabi/lib/thumb/v6-m/nofp/libc.a
LOAD /Applications/ArmGNUToolchain/11.3.rel1/arm-none-eabi/bin/../lib/gcc/arm-none-eabi/11.3.1/../../../../arm-none-eabi/lib/thumb/v6-m/nofp/libm.a
LOAD /Applications/ArmGNUToolchain/11.3.rel1/arm-none-eabi/bin/../lib/gcc/arm-none-eabi/11.3.1/thumb/v6-m/nofp/libgcc.a

.comment        0x0000000000000000       0x33
 .comment       0x0000000000000000       0x33 /Applications/ArmGNUToolchain/11.3.rel1/arm-none-eabi/bin/../lib/gcc/arm-none-eabi/11.3.1/thumb/v6-m/nofp/crtbegin.o
                                         0x34 (size before relaxing)
 .comment       0x0000000000000033       0x34 CMakeFiles/Neopixel2.elf.dir/Core/Src/main.c.obj
 .comment       0x0000000000000033       0x34 CMakeFiles/Neopixel2.elf.dir/Core/Src/stm32g0xx_hal_msp.c.obj
 .comment       0x0000000000000033       0x34 CMakeFiles/Neopixel2.elf.dir/Core/Src/stm32g0xx_it.c.obj
 .comment       0x0000000000000033       0x34 CMakeFiles/Neopixel2.elf.dir/Core/Src/system_stm32g0xx.c.obj
 .comment       0x0000000000000033       0x34 CMakeFiles/Neopixel2.elf.dir/Drivers/STM32G0xx_HAL_Driver/Src/stm32g0xx_hal.c.obj
 .comment       0x0000000000000033       0x34 CMakeFiles/Neopixel2.elf.dir/Drivers/STM32G0xx_HAL_Driver/Src/stm32g0xx_hal_cortex.c.obj
 .comment       0x0000000000000033       0x34 CMakeFiles/Neopixel2.elf.dir/Drivers/STM32G0xx_HAL_Driver/Src/stm32g0xx_hal_dma.c.obj
 .comment       0x0000000000000033       0x34 CMakeFiles/Neopixel2.elf.dir/Drivers/STM32G0xx_HAL_Driver/Src/stm32g0xx_hal_gpio.c.obj
 .comment       0x0000000000000033       0x34 CMakeFiles/Neopixel2.elf.dir/Drivers/STM32G0xx_HAL_Driver/Src/stm32g0xx_hal_pwr_ex.c.obj
 .comment       0x0000000000000033       0x34 CMakeFiles/Neopixel2.elf.dir/Drivers/STM32G0xx_HAL_Driver/Src/stm32g0xx_hal_rcc.c.obj
 .comment       0x0000000000000033       0x34 CMakeFiles/Neopixel2.elf.dir/Drivers/STM32G0xx_HAL_Driver/Src/stm32g0xx_hal_rcc_ex.c.obj
 .comment       0x0000000000000033       0x34 CMakeFiles/Neopixel2.elf.dir/Drivers/STM32G0xx_HAL_Driver/Src/stm32g0xx_hal_tim.c.obj
 .comment       0x0000000000000033       0x34 CMakeFiles/Neopixel2.elf.dir/Drivers/STM32G0xx_HAL_Driver/Src/stm32g0xx_hal_tim_ex.c.obj
 .comment       0x0000000000000033       0x34 /Applications/ArmGNUToolchain/11.3.rel1/arm-none-eabi/bin/../lib/gcc/arm-none-eabi/11.3.1/../../../../arm-none-eabi/lib/thumb/v6-m/nofp/libg.a(libc_a-memset.o)
 .comment       0x0000000000000033       0x34 /Applications/ArmGNUToolchain/11.3.rel1/arm-none-eabi/bin/../lib/gcc/arm-none-eabi/11.3.1/../../../../arm-none-eabi/lib/thumb/v6-m/nofp/libg.a(libc_a-init.o)
 .comment       0x0000000000000033       0x34 /Applications/ArmGNUToolchain/11.3.rel1/arm-none-eabi/bin/../lib/gcc/arm-none-eabi/11.3.1/../../../../arm-none-eabi/lib/thumb/v6-m/nofp/libg.a(libc_a-lock.o)
 .comment       0x0000000000000033       0x34 /Applications/ArmGNUToolchain/11.3.rel1/arm-none-eabi/bin/../lib/gcc/arm-none-eabi/11.3.1/../../../../arm-none-eabi/lib/thumb/v6-m/nofp/libg.a(libc_a-__call_atexit.o)
 .comment       0x0000000000000033       0x34 /Applications/ArmGNUToolchain/11.3.rel1/arm-none-eabi/bin/../lib/gcc/arm-none-eabi/11.3.1/../../../../arm-none-eabi/lib/thumb/v6-m/nofp/libg.a(libc_a-atexit.o)
 .comment       0x0000000000000033       0x34 /Applications/ArmGNUToolchain/11.3.rel1/arm-none-eabi/bin/../lib/gcc/arm-none-eabi/11.3.1/../../../../arm-none-eabi/lib/thumb/v6-m/nofp/libg.a(libc_a-fini.o)
 .comment       0x0000000000000033       0x34 /Applications/ArmGNUToolchain/11.3.rel1/arm-none-eabi/bin/../lib/gcc/arm-none-eabi/11.3.1/../../../../arm-none-eabi/lib/thumb/v6-m/nofp/libg.a(libc_a-__atexit.o)
 .comment       0x0000000000000033       0x34 /Applications/ArmGNUToolchain/11.3.rel1/arm-none-eabi/bin/../lib/gcc/arm-none-eabi/11.3.1/thumb/v6-m/nofp/crtend.o

.debug_info     0x0000000000000000     0xd58a
 .debug_info    0x0000000000000000     0x15fc CMakeFiles/Neopixel2.elf.dir/Core/Src/main.c.obj
 .debug_info    0x00000000000015fc      0xccb CMakeFiles/Neopixel2.elf.dir/Core/Src/stm32g0xx_hal_msp.c.obj
 .debug_info    0x00000000000022c7      0x462 CMakeFiles/Neopixel2.elf.dir/Core/Src/stm32g0xx_it.c.obj
 .debug_info    0x0000000000002729      0x34a CMakeFiles/Neopixel2.elf.dir/Core/Src/system_stm32g0xx.c.obj
 .debug_info    0x0000000000002a73       0x23 CMakeFiles/Neopixel2.elf.dir/Core/Startup/startup_stm32g031k8tx.s.obj
 .debug_info    0x0000000000002a96      0xaec CMakeFiles/Neopixel2.elf.dir/Drivers/STM32G0xx_HAL_Driver/Src/stm32g0xx_hal.c.obj
 .debug_info    0x0000000000003582      0x9a5 CMakeFiles/Neopixel2.elf.dir/Drivers/STM32G0xx_HAL_Driver/Src/stm32g0xx_hal_cortex.c.obj
 .debug_info    0x0000000000003f27      0x9f8 CMakeFiles/Neopixel2.elf.dir/Drivers/STM32G0xx_HAL_Driver/Src/stm32g0xx_hal_dma.c.obj
 .debug_info    0x000000000000491f      0x5eb CMakeFiles/Neopixel2.elf.dir/Drivers/STM32G0xx_HAL_Driver/Src/stm32g0xx_hal_gpio.c.obj
 .debug_info    0x0000000000004f0a      0x7f5 CMakeFiles/Neopixel2.elf.dir/Drivers/STM32G0xx_HAL_Driver/Src/stm32g0xx_hal_pwr_ex.c.obj
 .debug_info    0x00000000000056ff      0xd57 CMakeFiles/Neopixel2.elf.dir/Drivers/STM32G0xx_HAL_Driver/Src/stm32g0xx_hal_rcc.c.obj
 .debug_info    0x0000000000006456      0x8a0 CMakeFiles/Neopixel2.elf.dir/Drivers/STM32G0xx_HAL_Driver/Src/stm32g0xx_hal_rcc_ex.c.obj
 .debug_info    0x0000000000006cf6     0x3de5 CMakeFiles/Neopixel2.elf.dir/Drivers/STM32G0xx_HAL_Driver/Src/stm32g0xx_hal_tim.c.obj
 .debug_info    0x000000000000aadb     0x1ed1 CMakeFiles/Neopixel2.elf.dir/Drivers/STM32G0xx_HAL_Driver/Src/stm32g0xx_hal_tim_ex.c.obj
 .debug_info    0x000000000000c9ac       0x25 /Applications/ArmGNUToolchain/11.3.rel1/arm-none-eabi/bin/../lib/gcc/arm-none-eabi/11.3.1/thumb/v6-m/nofp/libgcc.a(_udivsi3.o)
 .debug_info    0x000000000000c9d1       0x24 /Applications/ArmGNUToolchain/11.3.rel1/arm-none-eabi/bin/../lib/gcc/arm-none-eabi/11.3.1/thumb/v6-m/nofp/libgcc.a(_dvmd_tls.o)
 .debug_info    0x000000000000c9f5      0x135 /Applications/ArmGNUToolchain/11.3.rel1/arm-none-eabi/bin/../lib/gcc/arm-none-eabi/11.3.1/../../../../arm-none-eabi/lib/thumb/v6-m/nofp/libg.a(libc_a-memset.o)
 .debug_info    0x000000000000cb2a      0x10b /Applications/ArmGNUToolchain/11.3.rel1/arm-none-eabi/bin/../lib/gcc/arm-none-eabi/11.3.1/../../../../arm-none-eabi/lib/thumb/v6-m/nofp/libg.a(libc_a-init.o)
 .debug_info    0x000000000000cc35      0x20a /Applications/ArmGNUToolchain/11.3.rel1/arm-none-eabi/bin/../lib/gcc/arm-none-eabi/11.3.1/../../../../arm-none-eabi/lib/thumb/v6-m/nofp/libg.a(libc_a-lock.o)
 .debug_info    0x000000000000ce3f      0x2dd /Applications/ArmGNUToolchain/11.3.rel1/arm-none-eabi/bin/../lib/gcc/arm-none-eabi/11.3.1/../../../../arm-none-eabi/lib/thumb/v6-m/nofp/libg.a(libc_a-__call_atexit.o)
 .debug_info    0x000000000000d11c      0x118 /Applications/ArmGNUToolchain/11.3.rel1/arm-none-eabi/bin/../lib/gcc/arm-none-eabi/11.3.1/../../../../arm-none-eabi/lib/thumb/v6-m/nofp/libg.a(libc_a-atexit.o)
 .debug_info    0x000000000000d234       0xf7 /Applications/ArmGNUToolchain/11.3.rel1/arm-none-eabi/bin/../lib/gcc/arm-none-eabi/11.3.1/../../../../arm-none-eabi/lib/thumb/v6-m/nofp/libg.a(libc_a-fini.o)
 .debug_info    0x000000000000d32b      0x25f /Applications/ArmGNUToolchain/11.3.rel1/arm-none-eabi/bin/../lib/gcc/arm-none-eabi/11.3.1/../../../../arm-none-eabi/lib/thumb/v6-m/nofp/libg.a(libc_a-__atexit.o)

.debug_abbrev   0x0000000000000000     0x26c4
 .debug_abbrev  0x0000000000000000      0x381 CMakeFiles/Neopixel2.elf.dir/Core/Src/main.c.obj
 .debug_abbrev  0x0000000000000381      0x22a CMakeFiles/Neopixel2.elf.dir/Core/Src/stm32g0xx_hal_msp.c.obj
 .debug_abbrev  0x00000000000005ab      0x16a CMakeFiles/Neopixel2.elf.dir/Core/Src/stm32g0xx_it.c.obj
 .debug_abbrev  0x0000000000000715      0x146 CMakeFiles/Neopixel2.elf.dir/Core/Src/system_stm32g0xx.c.obj
 .debug_abbrev  0x000000000000085b       0x12 CMakeFiles/Neopixel2.elf.dir/Core/Startup/startup_stm32g031k8tx.s.obj
 .debug_abbrev  0x000000000000086d      0x2c6 CMakeFiles/Neopixel2.elf.dir/Drivers/STM32G0xx_HAL_Driver/Src/stm32g0xx_hal.c.obj
 .debug_abbrev  0x0000000000000b33      0x2ca CMakeFiles/Neopixel2.elf.dir/Drivers/STM32G0xx_HAL_Driver/Src/stm32g0xx_hal_cortex.c.obj
 .debug_abbrev  0x0000000000000dfd      0x207 CMakeFiles/Neopixel2.elf.dir/Drivers/STM32G0xx_HAL_Driver/Src/stm32g0xx_hal_dma.c.obj
 .debug_abbrev  0x0000000000001004      0x206 CMakeFiles/Neopixel2.elf.dir/Drivers/STM32G0xx_HAL_Driver/Src/stm32g0xx_hal_gpio.c.obj
 .debug_abbrev  0x000000000000120a      0x254 CMakeFiles/Neopixel2.elf.dir/Drivers/STM32G0xx_HAL_Driver/Src/stm32g0xx_hal_pwr_ex.c.obj
 .debug_abbrev  0x000000000000145e      0x2d3 CMakeFiles/Neopixel2.elf.dir/Drivers/STM32G0xx_HAL_Driver/Src/stm32g0xx_hal_rcc.c.obj
 .debug_abbrev  0x0000000000001731      0x28b CMakeFiles/Neopixel2.elf.dir/Drivers/STM32G0xx_HAL_Driver/Src/stm32g0xx_hal_rcc_ex.c.obj
 .debug_abbrev  0x00000000000019bc      0x294 CMakeFiles/Neopixel2.elf.dir/Drivers/STM32G0xx_HAL_Driver/Src/stm32g0xx_hal_tim.c.obj
 .debug_abbrev  0x0000000000001c50      0x2a7 CMakeFiles/Neopixel2.elf.dir/Drivers/STM32G0xx_HAL_Driver/Src/stm32g0xx_hal_tim_ex.c.obj
 .debug_abbrev  0x0000000000001ef7       0x14 /Applications/ArmGNUToolchain/11.3.rel1/arm-none-eabi/bin/../lib/gcc/arm-none-eabi/11.3.1/thumb/v6-m/nofp/libgcc.a(_udivsi3.o)
 .debug_abbrev  0x0000000000001f0b       0x14 /Applications/ArmGNUToolchain/11.3.rel1/arm-none-eabi/bin/../lib/gcc/arm-none-eabi/11.3.1/thumb/v6-m/nofp/libgcc.a(_dvmd_tls.o)
 .debug_abbrev  0x0000000000001f1f       0xb7 /Applications/ArmGNUToolchain/11.3.rel1/arm-none-eabi/bin/../lib/gcc/arm-none-eabi/11.3.1/../../../../arm-none-eabi/lib/thumb/v6-m/nofp/libg.a(libc_a-memset.o)
 .debug_abbrev  0x0000000000001fd6       0xc9 /Applications/ArmGNUToolchain/11.3.rel1/arm-none-eabi/bin/../lib/gcc/arm-none-eabi/11.3.1/../../../../arm-none-eabi/lib/thumb/v6-m/nofp/libg.a(libc_a-init.o)
 .debug_abbrev  0x000000000000209f      0x115 /Applications/ArmGNUToolchain/11.3.rel1/arm-none-eabi/bin/../lib/gcc/arm-none-eabi/11.3.1/../../../../arm-none-eabi/lib/thumb/v6-m/nofp/libg.a(libc_a-lock.o)
 .debug_abbrev  0x00000000000021b4      0x200 /Applications/ArmGNUToolchain/11.3.rel1/arm-none-eabi/bin/../lib/gcc/arm-none-eabi/11.3.1/../../../../arm-none-eabi/lib/thumb/v6-m/nofp/libg.a(libc_a-__call_atexit.o)
 .debug_abbrev  0x00000000000023b4       0xbe /Applications/ArmGNUToolchain/11.3.rel1/arm-none-eabi/bin/../lib/gcc/arm-none-eabi/11.3.1/../../../../arm-none-eabi/lib/thumb/v6-m/nofp/libg.a(libc_a-atexit.o)
 .debug_abbrev  0x0000000000002472       0xc9 /Applications/ArmGNUToolchain/11.3.rel1/arm-none-eabi/bin/../lib/gcc/arm-none-eabi/11.3.1/../../../../arm-none-eabi/lib/thumb/v6-m/nofp/libg.a(libc_a-fini.o)
 .debug_abbrev  0x000000000000253b      0x189 /Applications/ArmGNUToolchain/11.3.rel1/arm-none-eabi/bin/../lib/gcc/arm-none-eabi/11.3.1/../../../../arm-none-eabi/lib/thumb/v6-m/nofp/libg.a(libc_a-__atexit.o)

.debug_loclists
                0x0000000000000000     0x6f4e
 .debug_loclists
                0x0000000000000000       0x86 CMakeFiles/Neopixel2.elf.dir/Core/Src/main.c.obj
 .debug_loclists
                0x0000000000000086       0x7f CMakeFiles/Neopixel2.elf.dir/Core/Src/stm32g0xx_hal_msp.c.obj
 .debug_loclists
                0x0000000000000105       0x6d CMakeFiles/Neopixel2.elf.dir/Core/Src/system_stm32g0xx.c.obj
 .debug_loclists
                0x0000000000000172      0x125 CMakeFiles/Neopixel2.elf.dir/Drivers/STM32G0xx_HAL_Driver/Src/stm32g0xx_hal.c.obj
 .debug_loclists
                0x0000000000000297      0x2b4 CMakeFiles/Neopixel2.elf.dir/Drivers/STM32G0xx_HAL_Driver/Src/stm32g0xx_hal_cortex.c.obj
 .debug_loclists
                0x000000000000054b      0x5bc CMakeFiles/Neopixel2.elf.dir/Drivers/STM32G0xx_HAL_Driver/Src/stm32g0xx_hal_dma.c.obj
 .debug_loclists
                0x0000000000000b07      0x27b CMakeFiles/Neopixel2.elf.dir/Drivers/STM32G0xx_HAL_Driver/Src/stm32g0xx_hal_gpio.c.obj
 .debug_loclists
                0x0000000000000d82      0x191 CMakeFiles/Neopixel2.elf.dir/Drivers/STM32G0xx_HAL_Driver/Src/stm32g0xx_hal_pwr_ex.c.obj
 .debug_loclists
                0x0000000000000f13      0x497 CMakeFiles/Neopixel2.elf.dir/Drivers/STM32G0xx_HAL_Driver/Src/stm32g0xx_hal_rcc.c.obj
 .debug_loclists
                0x00000000000013aa      0x62c CMakeFiles/Neopixel2.elf.dir/Drivers/STM32G0xx_HAL_Driver/Src/stm32g0xx_hal_rcc_ex.c.obj
 .debug_loclists
                0x00000000000019d6     0x36d0 CMakeFiles/Neopixel2.elf.dir/Drivers/STM32G0xx_HAL_Driver/Src/stm32g0xx_hal_tim.c.obj
 .debug_loclists
                0x00000000000050a6     0x19c1 CMakeFiles/Neopixel2.elf.dir/Drivers/STM32G0xx_HAL_Driver/Src/stm32g0xx_hal_tim_ex.c.obj
 .debug_loclists
                0x0000000000006a67      0x1cb /Applications/ArmGNUToolchain/11.3.rel1/arm-none-eabi/bin/../lib/gcc/arm-none-eabi/11.3.1/../../../../arm-none-eabi/lib/thumb/v6-m/nofp/libg.a(libc_a-memset.o)
 .debug_loclists
                0x0000000000006c32       0x64 /Applications/ArmGNUToolchain/11.3.rel1/arm-none-eabi/bin/../lib/gcc/arm-none-eabi/11.3.1/../../../../arm-none-eabi/lib/thumb/v6-m/nofp/libg.a(libc_a-init.o)
 .debug_loclists
                0x0000000000006c96       0x23 /Applications/ArmGNUToolchain/11.3.rel1/arm-none-eabi/bin/../lib/gcc/arm-none-eabi/11.3.1/../../../../arm-none-eabi/lib/thumb/v6-m/nofp/libg.a(libc_a-lock.o)
 .debug_loclists
                0x0000000000006cb9      0x14d /Applications/ArmGNUToolchain/11.3.rel1/arm-none-eabi/bin/../lib/gcc/arm-none-eabi/11.3.1/../../../../arm-none-eabi/lib/thumb/v6-m/nofp/libg.a(libc_a-__call_atexit.o)
 .debug_loclists
                0x0000000000006e06       0x2a /Applications/ArmGNUToolchain/11.3.rel1/arm-none-eabi/bin/../lib/gcc/arm-none-eabi/11.3.1/../../../../arm-none-eabi/lib/thumb/v6-m/nofp/libg.a(libc_a-atexit.o)
 .debug_loclists
                0x0000000000006e30       0x34 /Applications/ArmGNUToolchain/11.3.rel1/arm-none-eabi/bin/../lib/gcc/arm-none-eabi/11.3.1/../../../../arm-none-eabi/lib/thumb/v6-m/nofp/libg.a(libc_a-fini.o)
 .debug_loclists
                0x0000000000006e64       0xea /Applications/ArmGNUToolchain/11.3.rel1/arm-none-eabi/bin/../lib/gcc/arm-none-eabi/11.3.1/../../../../arm-none-eabi/lib/thumb/v6-m/nofp/libg.a(libc_a-__atexit.o)

.debug_aranges  0x0000000000000000      0xc40
 .debug_aranges
                0x0000000000000000       0x58 CMakeFiles/Neopixel2.elf.dir/Core/Src/main.c.obj
 .debug_aranges
                0x0000000000000058       0x38 CMakeFiles/Neopixel2.elf.dir/Core/Src/stm32g0xx_hal_msp.c.obj
 .debug_aranges
                0x0000000000000090       0x48 CMakeFiles/Neopixel2.elf.dir/Core/Src/stm32g0xx_it.c.obj
 .debug_aranges
                0x00000000000000d8       0x28 CMakeFiles/Neopixel2.elf.dir/Core/Src/system_stm32g0xx.c.obj
 .debug_aranges
                0x0000000000000100       0x28 CMakeFiles/Neopixel2.elf.dir/Core/Startup/startup_stm32g031k8tx.s.obj
 .debug_aranges
                0x0000000000000128      0x128 CMakeFiles/Neopixel2.elf.dir/Drivers/STM32G0xx_HAL_Driver/Src/stm32g0xx_hal.c.obj
 .debug_aranges
                0x0000000000000250       0x90 CMakeFiles/Neopixel2.elf.dir/Drivers/STM32G0xx_HAL_Driver/Src/stm32g0xx_hal_cortex.c.obj
 .debug_aranges
                0x00000000000002e0       0x90 CMakeFiles/Neopixel2.elf.dir/Drivers/STM32G0xx_HAL_Driver/Src/stm32g0xx_hal_dma.c.obj
 .debug_aranges
                0x0000000000000370       0x60 CMakeFiles/Neopixel2.elf.dir/Drivers/STM32G0xx_HAL_Driver/Src/stm32g0xx_hal_gpio.c.obj
 .debug_aranges
                0x00000000000003d0       0xf0 CMakeFiles/Neopixel2.elf.dir/Drivers/STM32G0xx_HAL_Driver/Src/stm32g0xx_hal_pwr_ex.c.obj
 .debug_aranges
                0x00000000000004c0       0x98 CMakeFiles/Neopixel2.elf.dir/Drivers/STM32G0xx_HAL_Driver/Src/stm32g0xx_hal_rcc.c.obj
 .debug_aranges
                0x0000000000000558       0x40 CMakeFiles/Neopixel2.elf.dir/Drivers/STM32G0xx_HAL_Driver/Src/stm32g0xx_hal_rcc_ex.c.obj
 .debug_aranges
                0x0000000000000598      0x3e0 CMakeFiles/Neopixel2.elf.dir/Drivers/STM32G0xx_HAL_Driver/Src/stm32g0xx_hal_tim.c.obj
 .debug_aranges
                0x0000000000000978      0x198 CMakeFiles/Neopixel2.elf.dir/Drivers/STM32G0xx_HAL_Driver/Src/stm32g0xx_hal_tim_ex.c.obj
 .debug_aranges
                0x0000000000000b10       0x20 /Applications/ArmGNUToolchain/11.3.rel1/arm-none-eabi/bin/../lib/gcc/arm-none-eabi/11.3.1/thumb/v6-m/nofp/libgcc.a(_udivsi3.o)
 .debug_aranges
                0x0000000000000b30       0x20 /Applications/ArmGNUToolchain/11.3.rel1/arm-none-eabi/bin/../lib/gcc/arm-none-eabi/11.3.1/thumb/v6-m/nofp/libgcc.a(_dvmd_tls.o)
 .debug_aranges
                0x0000000000000b50       0x20 /Applications/ArmGNUToolchain/11.3.rel1/arm-none-eabi/bin/../lib/gcc/arm-none-eabi/11.3.1/../../../../arm-none-eabi/lib/thumb/v6-m/nofp/libg.a(libc_a-memset.o)
 .debug_aranges
                0x0000000000000b70       0x20 /Applications/ArmGNUToolchain/11.3.rel1/arm-none-eabi/bin/../lib/gcc/arm-none-eabi/11.3.1/../../../../arm-none-eabi/lib/thumb/v6-m/nofp/libg.a(libc_a-init.o)
 .debug_aranges
                0x0000000000000b90       0x28 /Applications/ArmGNUToolchain/11.3.rel1/arm-none-eabi/bin/../lib/gcc/arm-none-eabi/11.3.1/../../../../arm-none-eabi/lib/thumb/v6-m/nofp/libg.a(libc_a-lock.o)
 .debug_aranges
                0x0000000000000bb8       0x28 /Applications/ArmGNUToolchain/11.3.rel1/arm-none-eabi/bin/../lib/gcc/arm-none-eabi/11.3.1/../../../../arm-none-eabi/lib/thumb/v6-m/nofp/libg.a(libc_a-__call_atexit.o)
 .debug_aranges
                0x0000000000000be0       0x20 /Applications/ArmGNUToolchain/11.3.rel1/arm-none-eabi/bin/../lib/gcc/arm-none-eabi/11.3.1/../../../../arm-none-eabi/lib/thumb/v6-m/nofp/libg.a(libc_a-atexit.o)
 .debug_aranges
                0x0000000000000c00       0x20 /Applications/ArmGNUToolchain/11.3.rel1/arm-none-eabi/bin/../lib/gcc/arm-none-eabi/11.3.1/../../../../arm-none-eabi/lib/thumb/v6-m/nofp/libg.a(libc_a-fini.o)
 .debug_aranges
                0x0000000000000c20       0x20 /Applications/ArmGNUToolchain/11.3.rel1/arm-none-eabi/bin/../lib/gcc/arm-none-eabi/11.3.1/../../../../arm-none-eabi/lib/thumb/v6-m/nofp/libg.a(libc_a-__atexit.o)

.debug_rnglists
                0x0000000000000000      0x974
 .debug_rnglists
                0x0000000000000000       0x5a CMakeFiles/Neopixel2.elf.dir/Core/Src/main.c.obj
 .debug_rnglists
                0x000000000000005a       0x26 CMakeFiles/Neopixel2.elf.dir/Core/Src/stm32g0xx_hal_msp.c.obj
 .debug_rnglists
                0x0000000000000080       0x31 CMakeFiles/Neopixel2.elf.dir/Core/Src/stm32g0xx_it.c.obj
 .debug_rnglists
                0x00000000000000b1       0x1a CMakeFiles/Neopixel2.elf.dir/Core/Src/system_stm32g0xx.c.obj
 .debug_rnglists
                0x00000000000000cb       0x19 CMakeFiles/Neopixel2.elf.dir/Core/Startup/startup_stm32g031k8tx.s.obj
 .debug_rnglists
                0x00000000000000e4       0xd9 CMakeFiles/Neopixel2.elf.dir/Drivers/STM32G0xx_HAL_Driver/Src/stm32g0xx_hal.c.obj
 .debug_rnglists
                0x00000000000001bd       0x97 CMakeFiles/Neopixel2.elf.dir/Drivers/STM32G0xx_HAL_Driver/Src/stm32g0xx_hal_cortex.c.obj
 .debug_rnglists
                0x0000000000000254       0x6e CMakeFiles/Neopixel2.elf.dir/Drivers/STM32G0xx_HAL_Driver/Src/stm32g0xx_hal_dma.c.obj
 .debug_rnglists
                0x00000000000002c2       0x45 CMakeFiles/Neopixel2.elf.dir/Drivers/STM32G0xx_HAL_Driver/Src/stm32g0xx_hal_gpio.c.obj
 .debug_rnglists
                0x0000000000000307       0xb2 CMakeFiles/Neopixel2.elf.dir/Drivers/STM32G0xx_HAL_Driver/Src/stm32g0xx_hal_pwr_ex.c.obj
 .debug_rnglists
                0x00000000000003b9       0x85 CMakeFiles/Neopixel2.elf.dir/Drivers/STM32G0xx_HAL_Driver/Src/stm32g0xx_hal_rcc.c.obj
 .debug_rnglists
                0x000000000000043e       0x3c CMakeFiles/Neopixel2.elf.dir/Drivers/STM32G0xx_HAL_Driver/Src/stm32g0xx_hal_rcc_ex.c.obj
 .debug_rnglists
                0x000000000000047a      0x311 CMakeFiles/Neopixel2.elf.dir/Drivers/STM32G0xx_HAL_Driver/Src/stm32g0xx_hal_tim.c.obj
 .debug_rnglists
                0x000000000000078b      0x13f CMakeFiles/Neopixel2.elf.dir/Drivers/STM32G0xx_HAL_Driver/Src/stm32g0xx_hal_tim_ex.c.obj
 .debug_rnglists
                0x00000000000008ca       0x14 /Applications/ArmGNUToolchain/11.3.rel1/arm-none-eabi/bin/../lib/gcc/arm-none-eabi/11.3.1/../../../../arm-none-eabi/lib/thumb/v6-m/nofp/libg.a(libc_a-memset.o)
 .debug_rnglists
                0x00000000000008de       0x13 /Applications/ArmGNUToolchain/11.3.rel1/arm-none-eabi/bin/../lib/gcc/arm-none-eabi/11.3.1/../../../../arm-none-eabi/lib/thumb/v6-m/nofp/libg.a(libc_a-init.o)
 .debug_rnglists
                0x00000000000008f1       0x19 /Applications/ArmGNUToolchain/11.3.rel1/arm-none-eabi/bin/../lib/gcc/arm-none-eabi/11.3.1/../../../../arm-none-eabi/lib/thumb/v6-m/nofp/libg.a(libc_a-lock.o)
 .debug_rnglists
                0x000000000000090a       0x30 /Applications/ArmGNUToolchain/11.3.rel1/arm-none-eabi/bin/../lib/gcc/arm-none-eabi/11.3.1/../../../../arm-none-eabi/lib/thumb/v6-m/nofp/libg.a(libc_a-__call_atexit.o)
 .debug_rnglists
                0x000000000000093a       0x13 /Applications/ArmGNUToolchain/11.3.rel1/arm-none-eabi/bin/../lib/gcc/arm-none-eabi/11.3.1/../../../../arm-none-eabi/lib/thumb/v6-m/nofp/libg.a(libc_a-atexit.o)
 .debug_rnglists
                0x000000000000094d       0x13 /Applications/ArmGNUToolchain/11.3.rel1/arm-none-eabi/bin/../lib/gcc/arm-none-eabi/11.3.1/../../../../arm-none-eabi/lib/thumb/v6-m/nofp/libg.a(libc_a-fini.o)
 .debug_rnglists
                0x0000000000000960       0x14 /Applications/ArmGNUToolchain/11.3.rel1/arm-none-eabi/bin/../lib/gcc/arm-none-eabi/11.3.1/../../../../arm-none-eabi/lib/thumb/v6-m/nofp/libg.a(libc_a-__atexit.o)

.debug_line     0x0000000000000000     0xd1ac
 .debug_line    0x0000000000000000      0x8fc CMakeFiles/Neopixel2.elf.dir/Core/Src/main.c.obj
 .debug_line    0x00000000000008fc      0x419 CMakeFiles/Neopixel2.elf.dir/Core/Src/stm32g0xx_hal_msp.c.obj
 .debug_line    0x0000000000000d15      0x2d6 CMakeFiles/Neopixel2.elf.dir/Core/Src/stm32g0xx_it.c.obj
 .debug_line    0x0000000000000feb      0x309 CMakeFiles/Neopixel2.elf.dir/Core/Src/system_stm32g0xx.c.obj
 .debug_line    0x00000000000012f4       0x7b CMakeFiles/Neopixel2.elf.dir/Core/Startup/startup_stm32g031k8tx.s.obj
 .debug_line    0x000000000000136f      0x734 CMakeFiles/Neopixel2.elf.dir/Drivers/STM32G0xx_HAL_Driver/Src/stm32g0xx_hal.c.obj
 .debug_line    0x0000000000001aa3      0x72d CMakeFiles/Neopixel2.elf.dir/Drivers/STM32G0xx_HAL_Driver/Src/stm32g0xx_hal_cortex.c.obj
 .debug_line    0x00000000000021d0      0xbdd CMakeFiles/Neopixel2.elf.dir/Drivers/STM32G0xx_HAL_Driver/Src/stm32g0xx_hal_dma.c.obj
 .debug_line    0x0000000000002dad      0x754 CMakeFiles/Neopixel2.elf.dir/Drivers/STM32G0xx_HAL_Driver/Src/stm32g0xx_hal_gpio.c.obj
 .debug_line    0x0000000000003501      0x7b0 CMakeFiles/Neopixel2.elf.dir/Drivers/STM32G0xx_HAL_Driver/Src/stm32g0xx_hal_pwr_ex.c.obj
 .debug_line    0x0000000000003cb1      0xe56 CMakeFiles/Neopixel2.elf.dir/Drivers/STM32G0xx_HAL_Driver/Src/stm32g0xx_hal_rcc.c.obj
 .debug_line    0x0000000000004b07      0xa14 CMakeFiles/Neopixel2.elf.dir/Drivers/STM32G0xx_HAL_Driver/Src/stm32g0xx_hal_rcc_ex.c.obj
 .debug_line    0x000000000000551b     0x4fb9 CMakeFiles/Neopixel2.elf.dir/Drivers/STM32G0xx_HAL_Driver/Src/stm32g0xx_hal_tim.c.obj
 .debug_line    0x000000000000a4d4     0x2064 CMakeFiles/Neopixel2.elf.dir/Drivers/STM32G0xx_HAL_Driver/Src/stm32g0xx_hal_tim_ex.c.obj
 .debug_line    0x000000000000c538       0x56 /Applications/ArmGNUToolchain/11.3.rel1/arm-none-eabi/bin/../lib/gcc/arm-none-eabi/11.3.1/thumb/v6-m/nofp/libgcc.a(_udivsi3.o)
 .debug_line    0x000000000000c58e       0x4a /Applications/ArmGNUToolchain/11.3.rel1/arm-none-eabi/bin/../lib/gcc/arm-none-eabi/11.3.1/thumb/v6-m/nofp/libgcc.a(_dvmd_tls.o)
 .debug_line    0x000000000000c5d8      0x25b /Applications/ArmGNUToolchain/11.3.rel1/arm-none-eabi/bin/../lib/gcc/arm-none-eabi/11.3.1/../../../../arm-none-eabi/lib/thumb/v6-m/nofp/libg.a(libc_a-memset.o)
 .debug_line    0x000000000000c833      0x176 /Applications/ArmGNUToolchain/11.3.rel1/arm-none-eabi/bin/../lib/gcc/arm-none-eabi/11.3.1/../../../../arm-none-eabi/lib/thumb/v6-m/nofp/libg.a(libc_a-init.o)
 .debug_line    0x000000000000c9a9      0x115 /Applications/ArmGNUToolchain/11.3.rel1/arm-none-eabi/bin/../lib/gcc/arm-none-eabi/11.3.1/../../../../arm-none-eabi/lib/thumb/v6-m/nofp/libg.a(libc_a-lock.o)
 .debug_line    0x000000000000cabe      0x2ce /Applications/ArmGNUToolchain/11.3.rel1/arm-none-eabi/bin/../lib/gcc/arm-none-eabi/11.3.1/../../../../arm-none-eabi/lib/thumb/v6-m/nofp/libg.a(libc_a-__call_atexit.o)
 .debug_line    0x000000000000cd8c      0x117 /Applications/ArmGNUToolchain/11.3.rel1/arm-none-eabi/bin/../lib/gcc/arm-none-eabi/11.3.1/../../../../arm-none-eabi/lib/thumb/v6-m/nofp/libg.a(libc_a-atexit.o)
 .debug_line    0x000000000000cea3      0x146 /Applications/ArmGNUToolchain/11.3.rel1/arm-none-eabi/bin/../lib/gcc/arm-none-eabi/11.3.1/../../../../arm-none-eabi/lib/thumb/v6-m/nofp/libg.a(libc_a-fini.o)
 .debug_line    0x000000000000cfe9      0x1c3 /Applications/ArmGNUToolchain/11.3.rel1/arm-none-eabi/bin/../lib/gcc/arm-none-eabi/11.3.1/../../../../arm-none-eabi/lib/thumb/v6-m/nofp/libg.a(libc_a-__atexit.o)

.debug_str      0x0000000000000000     0x42ea
 .debug_str     0x0000000000000000      0xf0e CMakeFiles/Neopixel2.elf.dir/Core/Src/main.c.obj
                                        0xfed (size before relaxing)
 .debug_str     0x0000000000000f0e      0x225 CMakeFiles/Neopixel2.elf.dir/Core/Src/stm32g0xx_hal_msp.c.obj
                                        0xb23 (size before relaxing)
 .debug_str     0x0000000000001133       0xc5 CMakeFiles/Neopixel2.elf.dir/Core/Src/stm32g0xx_it.c.obj
                                        0x54f (size before relaxing)
 .debug_str     0x00000000000011f8       0xc5 CMakeFiles/Neopixel2.elf.dir/Core/Src/system_stm32g0xx.c.obj
                                        0x344 (size before relaxing)
 .debug_str     0x00000000000012bd       0x5d CMakeFiles/Neopixel2.elf.dir/Core/Startup/startup_stm32g031k8tx.s.obj
                                         0x9b (size before relaxing)
 .debug_str     0x000000000000131a      0x4c5 CMakeFiles/Neopixel2.elf.dir/Drivers/STM32G0xx_HAL_Driver/Src/stm32g0xx_hal.c.obj
                                        0x9c2 (size before relaxing)
 .debug_str     0x00000000000017df      0x362 CMakeFiles/Neopixel2.elf.dir/Drivers/STM32G0xx_HAL_Driver/Src/stm32g0xx_hal_cortex.c.obj
                                        0x788 (size before relaxing)
 .debug_str     0x0000000000001b41      0x2cb CMakeFiles/Neopixel2.elf.dir/Drivers/STM32G0xx_HAL_Driver/Src/stm32g0xx_hal_dma.c.obj
                                        0x7de (size before relaxing)
 .debug_str     0x0000000000001e0c      0x1a0 CMakeFiles/Neopixel2.elf.dir/Drivers/STM32G0xx_HAL_Driver/Src/stm32g0xx_hal_gpio.c.obj
                                        0x459 (size before relaxing)
 .debug_str     0x0000000000001fac      0x41d CMakeFiles/Neopixel2.elf.dir/Drivers/STM32G0xx_HAL_Driver/Src/stm32g0xx_hal_pwr_ex.c.obj
                                        0x6ff (size before relaxing)
 .debug_str     0x00000000000023c9      0x219 CMakeFiles/Neopixel2.elf.dir/Drivers/STM32G0xx_HAL_Driver/Src/stm32g0xx_hal_rcc.c.obj
                                        0x7ec (size before relaxing)
 .debug_str     0x00000000000025e2      0x13f CMakeFiles/Neopixel2.elf.dir/Drivers/STM32G0xx_HAL_Driver/Src/stm32g0xx_hal_rcc_ex.c.obj
                                        0x664 (size before relaxing)
 .debug_str     0x0000000000002721      0xe2d CMakeFiles/Neopixel2.elf.dir/Drivers/STM32G0xx_HAL_Driver/Src/stm32g0xx_hal_tim.c.obj
                                       0x1849 (size before relaxing)
 .debug_str     0x000000000000354e      0x569 CMakeFiles/Neopixel2.elf.dir/Drivers/STM32G0xx_HAL_Driver/Src/stm32g0xx_hal_tim_ex.c.obj
                                       0x11e5 (size before relaxing)
 .debug_str     0x0000000000003ab7       0xd2 /Applications/ArmGNUToolchain/11.3.rel1/arm-none-eabi/bin/../lib/gcc/arm-none-eabi/11.3.1/thumb/v6-m/nofp/libgcc.a(_udivsi3.o)
                                         0xde (size before relaxing)
 .debug_str     0x0000000000003b89       0xde /Applications/ArmGNUToolchain/11.3.rel1/arm-none-eabi/bin/../lib/gcc/arm-none-eabi/11.3.1/thumb/v6-m/nofp/libgcc.a(_dvmd_tls.o)
 .debug_str     0x0000000000003b89      0x181 /Applications/ArmGNUToolchain/11.3.rel1/arm-none-eabi/bin/../lib/gcc/arm-none-eabi/11.3.1/../../../../arm-none-eabi/lib/thumb/v6-m/nofp/libg.a(libc_a-memset.o)
                                        0x21d (size before relaxing)
 .debug_str     0x0000000000003d0a       0xc5 /Applications/ArmGNUToolchain/11.3.rel1/arm-none-eabi/bin/../lib/gcc/arm-none-eabi/11.3.1/../../../../arm-none-eabi/lib/thumb/v6-m/nofp/libg.a(libc_a-init.o)
                                        0x26a (size before relaxing)
 .debug_str     0x0000000000003dcf      0x26f /Applications/ArmGNUToolchain/11.3.rel1/arm-none-eabi/bin/../lib/gcc/arm-none-eabi/11.3.1/../../../../arm-none-eabi/lib/thumb/v6-m/nofp/libg.a(libc_a-lock.o)
                                        0x37c (size before relaxing)
 .debug_str     0x000000000000403e      0x10e /Applications/ArmGNUToolchain/11.3.rel1/arm-none-eabi/bin/../lib/gcc/arm-none-eabi/11.3.1/../../../../arm-none-eabi/lib/thumb/v6-m/nofp/libg.a(libc_a-__call_atexit.o)
                                        0x346 (size before relaxing)
 .debug_str     0x000000000000414c       0xa7 /Applications/ArmGNUToolchain/11.3.rel1/arm-none-eabi/bin/../lib/gcc/arm-none-eabi/11.3.1/../../../../arm-none-eabi/lib/thumb/v6-m/nofp/libg.a(libc_a-atexit.o)
                                        0x246 (size before relaxing)
 .debug_str     0x00000000000041f3       0x83 /Applications/ArmGNUToolchain/11.3.rel1/arm-none-eabi/bin/../lib/gcc/arm-none-eabi/11.3.1/../../../../arm-none-eabi/lib/thumb/v6-m/nofp/libg.a(libc_a-fini.o)
                                        0x240 (size before relaxing)
 .debug_str     0x0000000000004276       0x74 /Applications/ArmGNUToolchain/11.3.rel1/arm-none-eabi/bin/../lib/gcc/arm-none-eabi/11.3.1/../../../../arm-none-eabi/lib/thumb/v6-m/nofp/libg.a(libc_a-__atexit.o)
                                        0x31d (size before relaxing)

.debug_frame    0x0000000000000000     0x1d80
 .debug_frame   0x0000000000000000       0xc8 CMakeFiles/Neopixel2.elf.dir/Core/Src/main.c.obj
 .debug_frame   0x00000000000000c8       0x74 CMakeFiles/Neopixel2.elf.dir/Core/Src/stm32g0xx_hal_msp.c.obj
 .debug_frame   0x000000000000013c       0x80 CMakeFiles/Neopixel2.elf.dir/Core/Src/stm32g0xx_it.c.obj
 .debug_frame   0x00000000000001bc       0x38 CMakeFiles/Neopixel2.elf.dir/Core/Src/system_stm32g0xx.c.obj
 .debug_frame   0x00000000000001f4      0x264 CMakeFiles/Neopixel2.elf.dir/Drivers/STM32G0xx_HAL_Driver/Src/stm32g0xx_hal.c.obj
 .debug_frame   0x0000000000000458      0x114 CMakeFiles/Neopixel2.elf.dir/Drivers/STM32G0xx_HAL_Driver/Src/stm32g0xx_hal_cortex.c.obj
 .debug_frame   0x000000000000056c      0x188 CMakeFiles/Neopixel2.elf.dir/Drivers/STM32G0xx_HAL_Driver/Src/stm32g0xx_hal_dma.c.obj
 .debug_frame   0x00000000000006f4       0xd0 CMakeFiles/Neopixel2.elf.dir/Drivers/STM32G0xx_HAL_Driver/Src/stm32g0xx_hal_gpio.c.obj
 .debug_frame   0x00000000000007c4      0x1e0 CMakeFiles/Neopixel2.elf.dir/Drivers/STM32G0xx_HAL_Driver/Src/stm32g0xx_hal_pwr_ex.c.obj
 .debug_frame   0x00000000000009a4      0x16c CMakeFiles/Neopixel2.elf.dir/Drivers/STM32G0xx_HAL_Driver/Src/stm32g0xx_hal_rcc.c.obj
 .debug_frame   0x0000000000000b10       0x90 CMakeFiles/Neopixel2.elf.dir/Drivers/STM32G0xx_HAL_Driver/Src/stm32g0xx_hal_rcc_ex.c.obj
 .debug_frame   0x0000000000000ba0      0xb14 CMakeFiles/Neopixel2.elf.dir/Drivers/STM32G0xx_HAL_Driver/Src/stm32g0xx_hal_tim.c.obj
 .debug_frame   0x00000000000016b4      0x4c0 CMakeFiles/Neopixel2.elf.dir/Drivers/STM32G0xx_HAL_Driver/Src/stm32g0xx_hal_tim_ex.c.obj
 .debug_frame   0x0000000000001b74       0x20 /Applications/ArmGNUToolchain/11.3.rel1/arm-none-eabi/bin/../lib/gcc/arm-none-eabi/11.3.1/thumb/v6-m/nofp/libgcc.a(_udivsi3.o)
 .debug_frame   0x0000000000001b94       0x30 /Applications/ArmGNUToolchain/11.3.rel1/arm-none-eabi/bin/../lib/gcc/arm-none-eabi/11.3.1/../../../../arm-none-eabi/lib/thumb/v6-m/nofp/libg.a(libc_a-memset.o)
 .debug_frame   0x0000000000001bc4       0x2c /Applications/ArmGNUToolchain/11.3.rel1/arm-none-eabi/bin/../lib/gcc/arm-none-eabi/11.3.1/../../../../arm-none-eabi/lib/thumb/v6-m/nofp/libg.a(libc_a-init.o)
 .debug_frame   0x0000000000001bf0       0xb0 /Applications/ArmGNUToolchain/11.3.rel1/arm-none-eabi/bin/../lib/gcc/arm-none-eabi/11.3.1/../../../../arm-none-eabi/lib/thumb/v6-m/nofp/libg.a(libc_a-lock.o)
 .debug_frame   0x0000000000001ca0       0x54 /Applications/ArmGNUToolchain/11.3.rel1/arm-none-eabi/bin/../lib/gcc/arm-none-eabi/11.3.1/../../../../arm-none-eabi/lib/thumb/v6-m/nofp/libg.a(libc_a-__call_atexit.o)
 .debug_frame   0x0000000000001cf4       0x28 /Applications/ArmGNUToolchain/11.3.rel1/arm-none-eabi/bin/../lib/gcc/arm-none-eabi/11.3.1/../../../../arm-none-eabi/lib/thumb/v6-m/nofp/libg.a(libc_a-atexit.o)
 .debug_frame   0x0000000000001d1c       0x2c /Applications/ArmGNUToolchain/11.3.rel1/arm-none-eabi/bin/../lib/gcc/arm-none-eabi/11.3.1/../../../../arm-none-eabi/lib/thumb/v6-m/nofp/libg.a(libc_a-fini.o)
 .debug_frame   0x0000000000001d48       0x38 /Applications/ArmGNUToolchain/11.3.rel1/arm-none-eabi/bin/../lib/gcc/arm-none-eabi/11.3.1/../../../../arm-none-eabi/lib/thumb/v6-m/nofp/libg.a(libc_a-__atexit.o)

.debug_line_str
                0x0000000000000000      0x161
 .debug_line_str
                0x0000000000000000       0x8f CMakeFiles/Neopixel2.elf.dir/Core/Startup/startup_stm32g031k8tx.s.obj
                                         0xa7 (size before relaxing)
 .debug_line_str
                0x000000000000008f       0xd2 /Applications/ArmGNUToolchain/11.3.rel1/arm-none-eabi/bin/../lib/gcc/arm-none-eabi/11.3.1/thumb/v6-m/nofp/libgcc.a(_udivsi3.o)
                                         0xde (size before relaxing)
 .debug_line_str
                0x0000000000000161       0xde /Applications/ArmGNUToolchain/11.3.rel1/arm-none-eabi/bin/../lib/gcc/arm-none-eabi/11.3.1/thumb/v6-m/nofp/libgcc.a(_dvmd_tls.o)
